/opt/pytorch/lib64/python3.13/site-packages/torch/cuda/__init__.py:61: FutureWarning: The pynvml package is deprecated. Please install nvidia-ml-py instead. If you did not install pynvml directly, please report this to the maintainers of the package that installed pynvml for you.
  import pynvml  # type: ignore[import]
dataset: 7,750 batches/epoch | 31,744,000 samples | d_in=1280 | shard_buffer=2
SAE: d_in=1280  num_latents=20480  k=32
Epoch 0 | Step 0 | mse 3.21911 | aux 0.00000 | L0 32.0 | dead 0/20480 | fvu 1.1635
Epoch 0 | Step 100 | mse 1.44300 | aux 0.00000 | L0 32.0 | dead 0/20480 | fvu 0.5112
Epoch 0 | Step 200 | mse 1.06818 | aux 0.00000 | L0 32.0 | dead 0/20480 | fvu 0.3825
Epoch 0 | Step 300 | mse 0.93342 | aux 0.00000 | L0 32.0 | dead 0/20480 | fvu 0.3220
Epoch 0 | Step 400 | mse 1.07381 | aux 0.00000 | L0 32.0 | dead 0/20480 | fvu 0.3804
Epoch 0 | Step 500 | mse 0.89180 | aux 0.00000 | L0 32.0 | dead 0/20480 | fvu 0.3154
Epoch 0 | Step 600 | mse 0.82711 | aux 0.00000 | L0 32.0 | dead 0/20480 | fvu 0.2923
Epoch 0 | Step 700 | mse 0.77370 | aux 0.00000 | L0 32.0 | dead 0/20480 | fvu 0.2808
Epoch 0 | Step 800 | mse 0.93174 | aux 0.00000 | L0 32.0 | dead 0/20480 | fvu 0.3336
Epoch 0 | Step 900 | mse 0.80712 | aux 0.00000 | L0 32.0 | dead 0/20480 | fvu 0.2883
Epoch 0 | Step 1000 | mse 0.75502 | aux 0.00000 | L0 32.0 | dead 0/20480 | fvu 0.2794
Epoch 0 | Step 1100 | mse 0.71933 | aux 0.00000 | L0 32.0 | dead 0/20480 | fvu 0.2627
Epoch 0 | Step 1200 | mse 0.83427 | aux 0.00000 | L0 32.0 | dead 0/20480 | fvu 0.2940
Epoch 0 | Step 1300 | mse 0.74947 | aux 0.00000 | L0 32.0 | dead 0/20480 | fvu 0.2606
Epoch 0 | Step 1400 | mse 0.69860 | aux 0.00000 | L0 32.0 | dead 0/20480 | fvu 0.2548
Epoch 0 | Step 1500 | mse 0.67626 | aux 0.00000 | L0 32.0 | dead 0/20480 | fvu 0.2440
Epoch 0 | Step 1600 | mse 0.81682 | aux 0.00000 | L0 32.0 | dead 0/20480 | fvu 0.2880
Epoch 0 | Step 1700 | mse 0.73791 | aux 0.00000 | L0 32.0 | dead 0/20480 | fvu 0.2587
Epoch 0 | Step 1800 | mse 0.70163 | aux 0.00000 | L0 32.0 | dead 0/20480 | fvu 0.2378
Epoch 0 | Step 1900 | mse 0.67211 | aux 0.00000 | L0 32.0 | dead 0/20480 | fvu 0.2352
Epoch 0 | Step 2000 | mse 0.75308 | aux 0.00000 | L0 32.0 | dead 0/20480 | fvu 0.2612
Epoch 0 | Step 2100 | mse 0.69149 | aux 0.00000 | L0 32.0 | dead 0/20480 | fvu 0.2438
Epoch 0 | Step 2200 | mse 0.65912 | aux 0.00000 | L0 32.0 | dead 0/20480 | fvu 0.2319
Epoch 0 | Step 2300 | mse 0.64313 | aux 0.00000 | L0 32.0 | dead 0/20480 | fvu 0.2303
Epoch 0 | Step 2400 | mse 0.72618 | aux 0.00000 | L0 32.0 | dead 0/20480 | fvu 0.2575
Epoch 0 | Step 2500 | mse 0.67804 | aux 0.00000 | L0 32.0 | dead 0/20480 | fvu 0.2485
Epoch 0 | Step 2600 | mse 0.64347 | aux 0.00000 | L0 32.0 | dead 0/20480 | fvu 0.2339
Epoch 0 | Step 2700 | mse 0.62340 | aux 0.00000 | L0 32.0 | dead 0/20480 | fvu 0.2266
Epoch 0 | Step 2800 | mse 0.70651 | aux 0.00000 | L0 32.0 | dead 0/20480 | fvu 0.2532
Epoch 0 | Step 2900 | mse 0.66132 | aux 0.00000 | L0 32.0 | dead 0/20480 | fvu 0.2340
Epoch 0 | Step 3000 | mse 0.63432 | aux 0.00000 | L0 32.0 | dead 0/20480 | fvu 0.2180
Epoch 0 | Step 3100 | mse 0.87352 | aux 0.00000 | L0 32.0 | dead 0/20480 | fvu 0.3088
Epoch 0 | Step 3200 | mse 0.69059 | aux 0.00000 | L0 32.0 | dead 0/20480 | fvu 0.2381
Epoch 0 | Step 3300 | mse 0.63857 | aux 0.00000 | L0 32.0 | dead 0/20480 | fvu 0.2245
Epoch 0 | Step 3400 | mse 0.62553 | aux 0.00000 | L0 32.0 | dead 0/20480 | fvu 0.2215
Epoch 0 | Step 3500 | mse 0.80675 | aux 0.00000 | L0 32.0 | dead 0/20480 | fvu 0.2848
Epoch 0 | Step 3600 | mse 0.66862 | aux 0.00000 | L0 32.0 | dead 0/20480 | fvu 0.2390
Epoch 0 | Step 3700 | mse 0.63649 | aux 0.00000 | L0 32.0 | dead 0/20480 | fvu 0.2334
Epoch 0 | Step 3800 | mse 0.60964 | aux 0.00000 | L0 32.0 | dead 0/20480 | fvu 0.2184
Epoch 0 | Step 3900 | mse 0.78111 | aux 0.00000 | L0 32.0 | dead 0/20480 | fvu 0.2794
Epoch 0 | Step 4000 | mse 0.67210 | aux 0.67210 | L0 32.0 | dead 2/20480 | fvu 0.2354
Epoch 0 | Step 4100 | mse 0.63225 | aux 0.63223 | L0 32.0 | dead 13/20480 | fvu 0.2257
Epoch 0 | Step 4200 | mse 0.61134 | aux 0.61132 | L0 32.0 | dead 16/20480 | fvu 0.2187
Epoch 0 | Step 4300 | mse 0.73856 | aux 0.73852 | L0 32.0 | dead 13/20480 | fvu 0.2637
Epoch 0 | Step 4400 | mse 0.64802 | aux 0.64798 | L0 32.0 | dead 31/20480 | fvu 0.2321
Epoch 0 | Step 4500 | mse 0.61623 | aux 0.61614 | L0 32.0 | dead 76/20480 | fvu 0.2169
Epoch 0 | Step 4600 | mse 0.60087 | aux 0.60076 | L0 32.0 | dead 80/20480 | fvu 0.2166
Epoch 0 | Step 4700 | mse 0.72316 | aux 0.72305 | L0 32.0 | dead 57/20480 | fvu 0.2563
Epoch 0 | Step 4800 | mse 0.65320 | aux 0.65314 | L0 32.0 | dead 82/20480 | fvu 0.2363
Epoch 0 | Step 4900 | mse 0.61768 | aux 0.61751 | L0 32.0 | dead 112/20480 | fvu 0.2211
Epoch 0 | Step 5000 | mse 0.59366 | aux 0.59359 | L0 32.0 | dead 106/20480 | fvu 0.2057
Epoch 0 | Step 5100 | mse 0.67698 | aux 0.67686 | L0 32.0 | dead 71/20480 | fvu 0.2482
Epoch 0 | Step 5200 | mse 0.63058 | aux 0.63047 | L0 32.0 | dead 226/20480 | fvu 0.2196
Epoch 0 | Step 5300 | mse 0.59381 | aux 0.59354 | L0 32.0 | dead 315/20480 | fvu 0.2053
Epoch 0 | Step 5400 | mse 0.58186 | aux 0.58162 | L0 32.0 | dead 280/20480 | fvu 0.2128
Epoch 0 | Step 5500 | mse 0.66559 | aux 0.66543 | L0 32.0 | dead 158/20480 | fvu 0.2395
Epoch 0 | Step 5600 | mse 0.61248 | aux 0.61230 | L0 32.0 | dead 163/20480 | fvu 0.2253
Epoch 0 | Step 5700 | mse 0.58142 | aux 0.58129 | L0 32.0 | dead 161/20480 | fvu 0.2073
Epoch 0 | Step 5800 | mse 0.56624 | aux 0.56613 | L0 32.0 | dead 124/20480 | fvu 0.2067
Epoch 0 | Step 5900 | mse 0.65712 | aux 0.65701 | L0 32.0 | dead 89/20480 | fvu 0.2385
Epoch 0 | Step 6000 | mse 0.61316 | aux 0.61297 | L0 32.0 | dead 230/20480 | fvu 0.2159
Epoch 0 | Step 6100 | mse 0.58310 | aux 0.58285 | L0 32.0 | dead 265/20480 | fvu 0.2107
Epoch 0 | Step 6200 | mse 0.82412 | aux 0.82383 | L0 32.0 | dead 212/20480 | fvu 0.2977
Epoch 0 | Step 6300 | mse 0.64461 | aux 0.64454 | L0 32.0 | dead 116/20480 | fvu 0.2266
Epoch 0 | Step 6400 | mse 0.60389 | aux 0.60373 | L0 32.0 | dead 211/20480 | fvu 0.2120
Epoch 0 | Step 6500 | mse 0.58420 | aux 0.58409 | L0 32.0 | dead 188/20480 | fvu 0.2069
Epoch 0 | Step 6600 | mse 0.77855 | aux 0.77834 | L0 32.0 | dead 151/20480 | fvu 0.2707
Epoch 0 | Step 6700 | mse 0.63773 | aux 0.63764 | L0 32.0 | dead 115/20480 | fvu 0.2245
Epoch 0 | Step 6800 | mse 0.59348 | aux 0.59334 | L0 32.0 | dead 193/20480 | fvu 0.2118
Epoch 0 | Step 6900 | mse 0.58264 | aux 0.58250 | L0 32.0 | dead 174/20480 | fvu 0.2056
Epoch 0 | Step 7000 | mse 0.72425 | aux 0.72419 | L0 32.0 | dead 110/20480 | fvu 0.2553
Epoch 0 | Step 7100 | mse 0.61824 | aux 0.61820 | L0 32.0 | dead 143/20480 | fvu 0.2214
Epoch 0 | Step 7200 | mse 0.58551 | aux 0.58540 | L0 32.0 | dead 211/20480 | fvu 0.2066
Epoch 0 | Step 7300 | mse 0.55765 | aux 0.55754 | L0 32.0 | dead 185/20480 | fvu 0.1933
Epoch 0 | Step 7400 | mse 0.69174 | aux 0.69161 | L0 32.0 | dead 135/20480 | fvu 0.2535
Epoch 0 | Step 7500 | mse 0.61571 | aux 0.61561 | L0 32.0 | dead 170/20480 | fvu 0.2214
Epoch 0 | Step 7600 | mse 0.57765 | aux 0.57754 | L0 32.0 | dead 163/20480 | fvu 0.2097
Epoch 0 | Step 7700 | mse 0.56202 | aux 0.56194 | L0 32.0 | dead 154/20480 | fvu 0.1997
Epoch 1 | Step 7800 | mse 0.67120 | aux 0.67112 | L0 32.0 | dead 130/20480 | fvu 0.2407
Epoch 1 | Step 7900 | mse 0.60770 | aux 0.60762 | L0 32.0 | dead 302/20480 | fvu 0.2125
Epoch 1 | Step 8000 | mse 0.57852 | aux 0.57830 | L0 32.0 | dead 439/20480 | fvu 0.2062
Epoch 1 | Step 8100 | mse 0.56158 | aux 0.56136 | L0 32.0 | dead 377/20480 | fvu 0.1952
Epoch 1 | Step 8200 | mse 0.63976 | aux 0.63953 | L0 32.0 | dead 286/20480 | fvu 0.2313
Epoch 1 | Step 8300 | mse 0.58294 | aux 0.58282 | L0 32.0 | dead 274/20480 | fvu 0.2067
Epoch 1 | Step 8400 | mse 0.56662 | aux 0.56649 | L0 32.0 | dead 281/20480 | fvu 0.1989
Epoch 1 | Step 8500 | mse 0.53904 | aux 0.53884 | L0 32.0 | dead 250/20480 | fvu 0.1970
Epoch 1 | Step 8600 | mse 0.62678 | aux 0.62666 | L0 32.0 | dead 184/20480 | fvu 0.2162
Epoch 1 | Step 8700 | mse 0.57558 | aux 0.57543 | L0 32.0 | dead 395/20480 | fvu 0.2070
Epoch 1 | Step 8800 | mse 0.55301 | aux 0.55282 | L0 32.0 | dead 361/20480 | fvu 0.1948
Epoch 1 | Step 8900 | mse 0.53662 | aux 0.53643 | L0 32.0 | dead 335/20480 | fvu 0.1898
Epoch 1 | Step 9000 | mse 0.60153 | aux 0.60140 | L0 32.0 | dead 259/20480 | fvu 0.2149
Epoch 1 | Step 9100 | mse 0.57081 | aux 0.57065 | L0 32.0 | dead 367/20480 | fvu 0.2041
Epoch 1 | Step 9200 | mse 0.54513 | aux 0.54485 | L0 32.0 | dead 399/20480 | fvu 0.1978
Epoch 1 | Step 9300 | mse 0.76094 | aux 0.76071 | L0 32.0 | dead 337/20480 | fvu 0.2717
Epoch 1 | Step 9400 | mse 0.58690 | aux 0.58676 | L0 32.0 | dead 293/20480 | fvu 0.2118
Epoch 1 | Step 9500 | mse 0.55837 | aux 0.55814 | L0 32.0 | dead 601/20480 | fvu 0.2008
Epoch 1 | Step 9600 | mse 0.54013 | aux 0.53987 | L0 32.0 | dead 665/20480 | fvu 0.1916
Epoch 1 | Step 9700 | mse 0.72737 | aux 0.72704 | L0 32.0 | dead 603/20480 | fvu 0.2535
Epoch 1 | Step 9800 | mse 0.60761 | aux 0.60738 | L0 32.0 | dead 441/20480 | fvu 0.2202
Epoch 1 | Step 9900 | mse 0.57815 | aux 0.57799 | L0 32.0 | dead 389/20480 | fvu 0.2043
Epoch 1 | Step 10000 | mse 0.55106 | aux 0.55090 | L0 32.0 | dead 346/20480 | fvu 0.1964
Epoch 1 | Step 10100 | mse 0.68520 | aux 0.68509 | L0 32.0 | dead 262/20480 | fvu 0.2475
Epoch 1 | Step 10200 | mse 0.59571 | aux 0.59566 | L0 32.0 | dead 238/20480 | fvu 0.2111
Epoch 1 | Step 10300 | mse 0.55949 | aux 0.55943 | L0 32.0 | dead 276/20480 | fvu 0.2016
Epoch 1 | Step 10400 | mse 0.54230 | aux 0.54221 | L0 32.0 | dead 309/20480 | fvu 0.1887
Epoch 1 | Step 10500 | mse 0.66906 | aux 0.66898 | L0 32.0 | dead 269/20480 | fvu 0.2325
Epoch 1 | Step 10600 | mse 0.58407 | aux 0.58401 | L0 32.0 | dead 241/20480 | fvu 0.2088
Epoch 1 | Step 10700 | mse 0.55295 | aux 0.55290 | L0 32.0 | dead 239/20480 | fvu 0.1982
Epoch 1 | Step 10800 | mse 0.53872 | aux 0.53867 | L0 32.0 | dead 242/20480 | fvu 0.1921
Epoch 1 | Step 10900 | mse 0.64091 | aux 0.64084 | L0 32.0 | dead 198/20480 | fvu 0.2269
Epoch 1 | Step 11000 | mse 0.57743 | aux 0.57737 | L0 32.0 | dead 189/20480 | fvu 0.2028
Epoch 1 | Step 11100 | mse 0.55038 | aux 0.55034 | L0 32.0 | dead 203/20480 | fvu 0.1975
Epoch 1 | Step 11200 | mse 0.53065 | aux 0.53061 | L0 32.0 | dead 217/20480 | fvu 0.1848
Epoch 1 | Step 11300 | mse 0.62922 | aux 0.62918 | L0 32.0 | dead 182/20480 | fvu 0.2248
Epoch 1 | Step 11400 | mse 0.57536 | aux 0.57531 | L0 32.0 | dead 181/20480 | fvu 0.1995
Epoch 1 | Step 11500 | mse 0.54512 | aux 0.54506 | L0 32.0 | dead 181/20480 | fvu 0.1872
Epoch 1 | Step 11600 | mse 0.52683 | aux 0.52679 | L0 32.0 | dead 184/20480 | fvu 0.1872
Epoch 1 | Step 11700 | mse 0.63157 | aux 0.63152 | L0 32.0 | dead 148/20480 | fvu 0.2237
Epoch 1 | Step 11800 | mse 0.57923 | aux 0.57920 | L0 32.0 | dead 179/20480 | fvu 0.2011
Epoch 1 | Step 11900 | mse 0.54679 | aux 0.54676 | L0 32.0 | dead 183/20480 | fvu 0.1939
Epoch 1 | Step 12000 | mse 0.83238 | aux 0.83233 | L0 32.0 | dead 183/20480 | fvu 0.2997
Epoch 1 | Step 12100 | mse 0.61280 | aux 0.61276 | L0 32.0 | dead 163/20480 | fvu 0.2140
Epoch 1 | Step 12200 | mse 0.56912 | aux 0.56906 | L0 32.0 | dead 234/20480 | fvu 0.2061
Epoch 1 | Step 12300 | mse 0.54741 | aux 0.54735 | L0 32.0 | dead 269/20480 | fvu 0.1977
Epoch 1 | Step 12400 | mse 0.75318 | aux 0.75306 | L0 32.0 | dead 279/20480 | fvu 0.2750
Epoch 1 | Step 12500 | mse 0.60078 | aux 0.60072 | L0 32.0 | dead 241/20480 | fvu 0.2198
Epoch 1 | Step 12600 | mse 0.55792 | aux 0.55787 | L0 32.0 | dead 236/20480 | fvu 0.1998
Epoch 1 | Step 12700 | mse 0.52945 | aux 0.52939 | L0 32.0 | dead 231/20480 | fvu 0.1910
Epoch 1 | Step 12800 | mse 0.70746 | aux 0.70740 | L0 32.0 | dead 200/20480 | fvu 0.2511
Epoch 1 | Step 12900 | mse 0.58242 | aux 0.58236 | L0 32.0 | dead 208/20480 | fvu 0.2099
Epoch 1 | Step 13000 | mse 0.54547 | aux 0.54542 | L0 32.0 | dead 259/20480 | fvu 0.2007
Epoch 1 | Step 13100 | mse 0.52954 | aux 0.52949 | L0 32.0 | dead 267/20480 | fvu 0.1892
Epoch 1 | Step 13200 | mse 0.66027 | aux 0.66023 | L0 32.0 | dead 234/20480 | fvu 0.2369
Epoch 1 | Step 13300 | mse 0.56695 | aux 0.56688 | L0 32.0 | dead 279/20480 | fvu 0.2007
Epoch 1 | Step 13400 | mse 0.53949 | aux 0.53943 | L0 32.0 | dead 274/20480 | fvu 0.1949
Epoch 1 | Step 13500 | mse 0.52628 | aux 0.52624 | L0 32.0 | dead 282/20480 | fvu 0.1876
Epoch 1 | Step 13600 | mse 0.65609 | aux 0.65606 | L0 32.0 | dead 242/20480 | fvu 0.2265
Epoch 1 | Step 13700 | mse 0.58149 | aux 0.58146 | L0 32.0 | dead 252/20480 | fvu 0.2077
Epoch 1 | Step 13800 | mse 0.54499 | aux 0.54497 | L0 32.0 | dead 227/20480 | fvu 0.1878
Epoch 1 | Step 13900 | mse 0.52565 | aux 0.52563 | L0 32.0 | dead 236/20480 | fvu 0.1811
Epoch 1 | Step 14000 | mse 0.64733 | aux 0.64730 | L0 32.0 | dead 209/20480 | fvu 0.2325
Epoch 1 | Step 14100 | mse 0.57260 | aux 0.57256 | L0 32.0 | dead 224/20480 | fvu 0.2007
Epoch 1 | Step 14200 | mse 0.54679 | aux 0.54676 | L0 32.0 | dead 249/20480 | fvu 0.1965
Epoch 1 | Step 14300 | mse 0.52874 | aux 0.52872 | L0 32.0 | dead 250/20480 | fvu 0.1875
Epoch 1 | Step 14400 | mse 0.62544 | aux 0.62543 | L0 32.0 | dead 214/20480 | fvu 0.2223
Epoch 1 | Step 14500 | mse 0.56519 | aux 0.56516 | L0 32.0 | dead 208/20480 | fvu 0.1988
Epoch 1 | Step 14600 | mse 0.53493 | aux 0.53491 | L0 32.0 | dead 203/20480 | fvu 0.1910
Epoch 1 | Step 14700 | mse 0.52433 | aux 0.52430 | L0 32.0 | dead 238/20480 | fvu 0.1887
Epoch 1 | Step 14800 | mse 0.59800 | aux 0.59797 | L0 32.0 | dead 197/20480 | fvu 0.2139
Epoch 1 | Step 14900 | mse 0.55354 | aux 0.55352 | L0 32.0 | dead 233/20480 | fvu 0.1946
Epoch 1 | Step 15000 | mse 0.52595 | aux 0.52592 | L0 32.0 | dead 252/20480 | fvu 0.1950
Epoch 1 | Step 15100 | mse 0.81141 | aux 0.81137 | L0 32.0 | dead 270/20480 | fvu 0.2958
Epoch 1 | Step 15200 | mse 0.59059 | aux 0.59057 | L0 32.0 | dead 218/20480 | fvu 0.2100
Epoch 1 | Step 15300 | mse 0.55011 | aux 0.55008 | L0 32.0 | dead 284/20480 | fvu 0.1976
Epoch 1 | Step 15400 | mse 0.52476 | aux 0.52475 | L0 32.0 | dead 312/20480 | fvu 0.1850
Epoch 2 | Step 15500 | mse 0.69030 | aux 0.69027 | L0 32.0 | dead 308/20480 | fvu 0.2477
Epoch 2 | Step 15600 | mse 0.56464 | aux 0.56461 | L0 32.0 | dead 288/20480 | fvu 0.2028
Epoch 2 | Step 15700 | mse 0.53211 | aux 0.53207 | L0 32.0 | dead 330/20480 | fvu 0.1868
Epoch 2 | Step 15800 | mse 0.51473 | aux 0.51470 | L0 32.0 | dead 292/20480 | fvu 0.1837
Epoch 2 | Step 15900 | mse 0.66205 | aux 0.66204 | L0 32.0 | dead 285/20480 | fvu 0.2362
Epoch 2 | Step 16000 | mse 0.56754 | aux 0.56752 | L0 32.0 | dead 307/20480 | fvu 0.2002
Epoch 2 | Step 16100 | mse 0.52212 | aux 0.52210 | L0 32.0 | dead 324/20480 | fvu 0.1874
Epoch 2 | Step 16200 | mse 0.50786 | aux 0.50784 | L0 32.0 | dead 324/20480 | fvu 0.1816
Epoch 2 | Step 16300 | mse 0.64197 | aux 0.64196 | L0 32.0 | dead 287/20480 | fvu 0.2395
Epoch 2 | Step 16400 | mse 0.56109 | aux 0.56105 | L0 32.0 | dead 273/20480 | fvu 0.2019
Epoch 2 | Step 16500 | mse 0.52907 | aux 0.52905 | L0 32.0 | dead 299/20480 | fvu 0.1834
Epoch 2 | Step 16600 | mse 0.50600 | aux 0.50598 | L0 32.0 | dead 323/20480 | fvu 0.1789
Epoch 2 | Step 16700 | mse 0.61834 | aux 0.61832 | L0 32.0 | dead 291/20480 | fvu 0.2185
Epoch 2 | Step 16800 | mse 0.54560 | aux 0.54558 | L0 32.0 | dead 266/20480 | fvu 0.1977
Epoch 2 | Step 16900 | mse 0.52250 | aux 0.52248 | L0 32.0 | dead 258/20480 | fvu 0.1843
Epoch 2 | Step 17000 | mse 0.49538 | aux 0.49537 | L0 32.0 | dead 261/20480 | fvu 0.1780
Epoch 2 | Step 17100 | mse 0.60200 | aux 0.60197 | L0 32.0 | dead 254/20480 | fvu 0.2170
Epoch 2 | Step 17200 | mse 0.55452 | aux 0.55450 | L0 32.0 | dead 295/20480 | fvu 0.2009
Epoch 2 | Step 17300 | mse 0.52255 | aux 0.52253 | L0 32.0 | dead 280/20480 | fvu 0.1869
Epoch 2 | Step 17400 | mse 0.50446 | aux 0.50444 | L0 32.0 | dead 265/20480 | fvu 0.1811
Epoch 2 | Step 17500 | mse 0.60182 | aux 0.60181 | L0 32.0 | dead 236/20480 | fvu 0.2166
Epoch 2 | Step 17600 | mse 0.54812 | aux 0.54810 | L0 32.0 | dead 267/20480 | fvu 0.1961
Epoch 2 | Step 17700 | mse 0.52276 | aux 0.52274 | L0 32.0 | dead 289/20480 | fvu 0.1827
Epoch 2 | Step 17800 | mse 0.50243 | aux 0.50242 | L0 32.0 | dead 284/20480 | fvu 0.1794
Epoch 2 | Step 17900 | mse 0.59041 | aux 0.59039 | L0 32.0 | dead 297/20480 | fvu 0.2171
Epoch 2 | Step 18000 | mse 0.54325 | aux 0.54324 | L0 32.0 | dead 297/20480 | fvu 0.1958
Epoch 2 | Step 18100 | mse 0.51180 | aux 0.51179 | L0 32.0 | dead 319/20480 | fvu 0.1864
Epoch 2 | Step 18200 | mse 0.76221 | aux 0.76218 | L0 32.0 | dead 328/20480 | fvu 0.2659
Epoch 2 | Step 18300 | mse 0.56916 | aux 0.56915 | L0 32.0 | dead 282/20480 | fvu 0.2054
Epoch 2 | Step 18400 | mse 0.52272 | aux 0.52272 | L0 32.0 | dead 258/20480 | fvu 0.1885
Epoch 2 | Step 18500 | mse 0.50657 | aux 0.50657 | L0 32.0 | dead 266/20480 | fvu 0.1820
Epoch 2 | Step 18600 | mse 0.68402 | aux 0.68400 | L0 32.0 | dead 294/20480 | fvu 0.2366
Epoch 2 | Step 18700 | mse 0.55634 | aux 0.55633 | L0 32.0 | dead 302/20480 | fvu 0.1942
Epoch 2 | Step 18800 | mse 0.52025 | aux 0.52024 | L0 32.0 | dead 304/20480 | fvu 0.1840
Epoch 2 | Step 18900 | mse 0.49673 | aux 0.49671 | L0 32.0 | dead 305/20480 | fvu 0.1757
Epoch 2 | Step 19000 | mse 0.66199 | aux 0.66198 | L0 32.0 | dead 302/20480 | fvu 0.2380
Epoch 2 | Step 19100 | mse 0.57043 | aux 0.57041 | L0 32.0 | dead 316/20480 | fvu 0.2017
Epoch 2 | Step 19200 | mse 0.52618 | aux 0.52617 | L0 32.0 | dead 351/20480 | fvu 0.1829
Epoch 2 | Step 19300 | mse 0.50413 | aux 0.50412 | L0 32.0 | dead 351/20480 | fvu 0.1804
Epoch 2 | Step 19400 | mse 0.62575 | aux 0.62572 | L0 32.0 | dead 335/20480 | fvu 0.2201
Epoch 2 | Step 19500 | mse 0.55202 | aux 0.55201 | L0 32.0 | dead 317/20480 | fvu 0.1993
Epoch 2 | Step 19600 | mse 0.51718 | aux 0.51717 | L0 32.0 | dead 309/20480 | fvu 0.1802
Epoch 2 | Step 19700 | mse 0.49940 | aux 0.49939 | L0 32.0 | dead 319/20480 | fvu 0.1682
Epoch 2 | Step 19800 | mse 0.63092 | aux 0.63092 | L0 32.0 | dead 305/20480 | fvu 0.2161
Epoch 2 | Step 19900 | mse 0.55158 | aux 0.55158 | L0 32.0 | dead 311/20480 | fvu 0.1970
Epoch 2 | Step 20000 | mse 0.51625 | aux 0.51624 | L0 32.0 | dead 332/20480 | fvu 0.1842
Epoch 2 | Step 20100 | mse 0.50444 | aux 0.50442 | L0 32.0 | dead 325/20480 | fvu 0.1804
Epoch 2 | Step 20200 | mse 0.59161 | aux 0.59159 | L0 32.0 | dead 306/20480 | fvu 0.2162
Epoch 2 | Step 20300 | mse 0.53659 | aux 0.53659 | L0 32.0 | dead 301/20480 | fvu 0.1922
Epoch 2 | Step 20400 | mse 0.51016 | aux 0.51014 | L0 32.0 | dead 319/20480 | fvu 0.1876
Epoch 2 | Step 20500 | mse 0.48953 | aux 0.48953 | L0 32.0 | dead 309/20480 | fvu 0.1769
Epoch 2 | Step 20600 | mse 0.59003 | aux 0.59002 | L0 32.0 | dead 292/20480 | fvu 0.2072
Epoch 2 | Step 20700 | mse 0.53611 | aux 0.53610 | L0 32.0 | dead 336/20480 | fvu 0.1940
Epoch 2 | Step 20800 | mse 0.51498 | aux 0.51496 | L0 32.0 | dead 370/20480 | fvu 0.1831
Epoch 2 | Step 20900 | mse 0.80727 | aux 0.80726 | L0 32.0 | dead 362/20480 | fvu 0.2881
Epoch 2 | Step 21000 | mse 0.57226 | aux 0.57225 | L0 32.0 | dead 352/20480 | fvu 0.2074
Epoch 2 | Step 21100 | mse 0.53170 | aux 0.53169 | L0 32.0 | dead 358/20480 | fvu 0.1936
Epoch 2 | Step 21200 | mse 0.50710 | aux 0.50710 | L0 32.0 | dead 349/20480 | fvu 0.1853
Epoch 2 | Step 21300 | mse 0.72227 | aux 0.72225 | L0 32.0 | dead 367/20480 | fvu 0.2550
Epoch 2 | Step 21400 | mse 0.56933 | aux 0.56932 | L0 32.0 | dead 343/20480 | fvu 0.1996
Epoch 2 | Step 21500 | mse 0.53305 | aux 0.53304 | L0 32.0 | dead 348/20480 | fvu 0.1819
Epoch 2 | Step 21600 | mse 0.51073 | aux 0.51072 | L0 32.0 | dead 338/20480 | fvu 0.1824
Epoch 2 | Step 21700 | mse 0.68945 | aux 0.68946 | L0 32.0 | dead 364/20480 | fvu 0.2463
Epoch 2 | Step 21800 | mse 0.55967 | aux 0.55966 | L0 32.0 | dead 374/20480 | fvu 0.2038
Epoch 2 | Step 21900 | mse 0.52604 | aux 0.52602 | L0 32.0 | dead 400/20480 | fvu 0.1918
Epoch 2 | Step 22000 | mse 0.49782 | aux 0.49781 | L0 32.0 | dead 411/20480 | fvu 0.1820
Epoch 2 | Step 22100 | mse 0.65810 | aux 0.65810 | L0 32.0 | dead 413/20480 | fvu 0.2319
Epoch 2 | Step 22200 | mse 0.55813 | aux 0.55812 | L0 32.0 | dead 394/20480 | fvu 0.1985
Epoch 2 | Step 22300 | mse 0.52080 | aux 0.52080 | L0 32.0 | dead 406/20480 | fvu 0.1905
Epoch 2 | Step 22400 | mse 0.50760 | aux 0.50759 | L0 32.0 | dead 408/20480 | fvu 0.1837
Epoch 2 | Step 22500 | mse 0.64092 | aux 0.64091 | L0 32.0 | dead 432/20480 | fvu 0.2309
Epoch 2 | Step 22600 | mse 0.56598 | aux 0.56597 | L0 32.0 | dead 417/20480 | fvu 0.2018
Epoch 2 | Step 22700 | mse 0.52089 | aux 0.52089 | L0 32.0 | dead 420/20480 | fvu 0.1863
Epoch 2 | Step 22800 | mse 0.50750 | aux 0.50749 | L0 32.0 | dead 407/20480 | fvu 0.1834
Epoch 2 | Step 22900 | mse 0.60118 | aux 0.60118 | L0 32.0 | dead 428/20480 | fvu 0.2154
Epoch 2 | Step 23000 | mse 0.54279 | aux 0.54279 | L0 32.0 | dead 443/20480 | fvu 0.1870
Epoch 2 | Step 23100 | mse 0.52017 | aux 0.52017 | L0 32.0 | dead 472/20480 | fvu 0.1856
Epoch 2 | Step 23200 | mse 0.49405 | aux 0.49405 | L0 32.0 | dead 447/20480 | fvu 0.1774
Epoch 3 | Step 23300 | mse 0.57774 | aux 0.57774 | L0 32.0 | dead 453/20480 | fvu 0.2067
Epoch 3 | Step 23400 | mse 0.52174 | aux 0.52174 | L0 32.0 | dead 423/20480 | fvu 0.1823
Epoch 3 | Step 23500 | mse 0.49555 | aux 0.49554 | L0 32.0 | dead 421/20480 | fvu 0.1673
Epoch 3 | Step 23600 | mse 0.48361 | aux 0.48361 | L0 32.0 | dead 414/20480 | fvu 0.1699
Epoch 3 | Step 23700 | mse 0.55629 | aux 0.55628 | L0 32.0 | dead 444/20480 | fvu 0.2018
Epoch 3 | Step 23800 | mse 0.51295 | aux 0.51295 | L0 32.0 | dead 451/20480 | fvu 0.1783
Epoch 3 | Step 23900 | mse 0.49155 | aux 0.49155 | L0 32.0 | dead 475/20480 | fvu 0.1752
Epoch 3 | Step 24000 | mse 0.76986 | aux 0.76986 | L0 32.0 | dead 481/20480 | fvu 0.2787
Epoch 3 | Step 24100 | mse 0.56173 | aux 0.56172 | L0 32.0 | dead 459/20480 | fvu 0.2023
Epoch 3 | Step 24200 | mse 0.51616 | aux 0.51615 | L0 32.0 | dead 432/20480 | fvu 0.1894
Epoch 3 | Step 24300 | mse 0.49940 | aux 0.49940 | L0 32.0 | dead 418/20480 | fvu 0.1754
Epoch 3 | Step 24400 | mse 0.69190 | aux 0.69187 | L0 32.0 | dead 436/20480 | fvu 0.2477
Epoch 3 | Step 24500 | mse 0.54995 | aux 0.54995 | L0 32.0 | dead 442/20480 | fvu 0.1919
Epoch 3 | Step 24600 | mse 0.51272 | aux 0.51271 | L0 32.0 | dead 406/20480 | fvu 0.1830
Epoch 3 | Step 24700 | mse 0.48404 | aux 0.48403 | L0 32.0 | dead 419/20480 | fvu 0.1712
Epoch 3 | Step 24800 | mse 0.65875 | aux 0.65874 | L0 32.0 | dead 455/20480 | fvu 0.2292
Epoch 3 | Step 24900 | mse 0.55190 | aux 0.55190 | L0 32.0 | dead 451/20480 | fvu 0.1980
Epoch 3 | Step 25000 | mse 0.51767 | aux 0.51767 | L0 32.0 | dead 435/20480 | fvu 0.1821
Epoch 3 | Step 25100 | mse 0.49772 | aux 0.49771 | L0 32.0 | dead 484/20480 | fvu 0.1764
Epoch 3 | Step 25200 | mse 0.63632 | aux 0.63632 | L0 32.0 | dead 463/20480 | fvu 0.2231
Epoch 3 | Step 25300 | mse 0.54562 | aux 0.54562 | L0 32.0 | dead 415/20480 | fvu 0.1935
Epoch 3 | Step 25400 | mse 0.51505 | aux 0.51504 | L0 32.0 | dead 405/20480 | fvu 0.1826
Epoch 3 | Step 25500 | mse 0.49751 | aux 0.49751 | L0 32.0 | dead 422/20480 | fvu 0.1735
Epoch 3 | Step 25600 | mse 0.59663 | aux 0.59663 | L0 32.0 | dead 423/20480 | fvu 0.2143
Epoch 3 | Step 25700 | mse 0.52478 | aux 0.52478 | L0 32.0 | dead 432/20480 | fvu 0.1866
Epoch 3 | Step 25800 | mse 0.49605 | aux 0.49605 | L0 32.0 | dead 458/20480 | fvu 0.1836
Epoch 3 | Step 25900 | mse 0.48271 | aux 0.48270 | L0 32.0 | dead 493/20480 | fvu 0.1688
Epoch 3 | Step 26000 | mse 0.58842 | aux 0.58841 | L0 32.0 | dead 513/20480 | fvu 0.2066
Epoch 3 | Step 26100 | mse 0.53158 | aux 0.53157 | L0 32.0 | dead 492/20480 | fvu 0.1908
Epoch 3 | Step 26200 | mse 0.49716 | aux 0.49715 | L0 32.0 | dead 479/20480 | fvu 0.1824
Epoch 3 | Step 26300 | mse 0.48441 | aux 0.48441 | L0 32.0 | dead 468/20480 | fvu 0.1726
Epoch 3 | Step 26400 | mse 0.58602 | aux 0.58602 | L0 32.0 | dead 441/20480 | fvu 0.2128
Epoch 3 | Step 26500 | mse 0.52686 | aux 0.52685 | L0 32.0 | dead 437/20480 | fvu 0.1865
Epoch 3 | Step 26600 | mse 0.50205 | aux 0.50204 | L0 32.0 | dead 440/20480 | fvu 0.1810
Epoch 3 | Step 26700 | mse 0.48253 | aux 0.48252 | L0 32.0 | dead 443/20480 | fvu 0.1753
Epoch 3 | Step 26800 | mse 0.55983 | aux 0.55984 | L0 32.0 | dead 473/20480 | fvu 0.1986
Epoch 3 | Step 26900 | mse 0.50473 | aux 0.50473 | L0 32.0 | dead 453/20480 | fvu 0.1827
Epoch 3 | Step 27000 | mse 0.48947 | aux 0.48946 | L0 32.0 | dead 466/20480 | fvu 0.1746
Epoch 3 | Step 27100 | mse 0.76302 | aux 0.76301 | L0 32.0 | dead 490/20480 | fvu 0.2716
Epoch 3 | Step 27200 | mse 0.56433 | aux 0.56432 | L0 32.0 | dead 517/20480 | fvu 0.2027
Epoch 3 | Step 27300 | mse 0.51777 | aux 0.51776 | L0 32.0 | dead 506/20480 | fvu 0.1837
Epoch 3 | Step 27400 | mse 0.49368 | aux 0.49368 | L0 32.0 | dead 485/20480 | fvu 0.1711
Epoch 3 | Step 27500 | mse 0.69312 | aux 0.69311 | L0 32.0 | dead 503/20480 | fvu 0.2396
Epoch 3 | Step 27600 | mse 0.55952 | aux 0.55951 | L0 32.0 | dead 472/20480 | fvu 0.1920
Epoch 3 | Step 27700 | mse 0.51746 | aux 0.51745 | L0 32.0 | dead 489/20480 | fvu 0.1857
Epoch 3 | Step 27800 | mse 0.49219 | aux 0.49218 | L0 32.0 | dead 521/20480 | fvu 0.1726
Epoch 3 | Step 27900 | mse 0.64928 | aux 0.64927 | L0 32.0 | dead 529/20480 | fvu 0.2338
Epoch 3 | Step 28000 | mse 0.54171 | aux 0.54171 | L0 32.0 | dead 505/20480 | fvu 0.1940
Epoch 3 | Step 28100 | mse 0.51106 | aux 0.51106 | L0 32.0 | dead 503/20480 | fvu 0.1843
Epoch 3 | Step 28200 | mse 0.49167 | aux 0.49167 | L0 32.0 | dead 529/20480 | fvu 0.1758
Epoch 3 | Step 28300 | mse 0.62163 | aux 0.62163 | L0 32.0 | dead 561/20480 | fvu 0.2232
Epoch 3 | Step 28400 | mse 0.53374 | aux 0.53374 | L0 32.0 | dead 539/20480 | fvu 0.1910
Epoch 3 | Step 28500 | mse 0.49932 | aux 0.49932 | L0 32.0 | dead 547/20480 | fvu 0.1792
Epoch 3 | Step 28600 | mse 0.48601 | aux 0.48601 | L0 32.0 | dead 543/20480 | fvu 0.1722
Epoch 3 | Step 28700 | mse 0.60467 | aux 0.60467 | L0 32.0 | dead 576/20480 | fvu 0.2139
Epoch 3 | Step 28800 | mse 0.53682 | aux 0.53682 | L0 32.0 | dead 568/20480 | fvu 0.1871
Epoch 3 | Step 28900 | mse 0.50599 | aux 0.50599 | L0 32.0 | dead 602/20480 | fvu 0.1768
Epoch 3 | Step 29000 | mse 0.48351 | aux 0.48351 | L0 32.0 | dead 613/20480 | fvu 0.1680
Epoch 3 | Step 29100 | mse 0.57669 | aux 0.57669 | L0 32.0 | dead 617/20480 | fvu 0.2070
Epoch 3 | Step 29200 | mse 0.52393 | aux 0.52393 | L0 32.0 | dead 566/20480 | fvu 0.1857
Epoch 3 | Step 29300 | mse 0.50054 | aux 0.50055 | L0 32.0 | dead 542/20480 | fvu 0.1798
Epoch 3 | Step 29400 | mse 0.47808 | aux 0.47808 | L0 32.0 | dead 557/20480 | fvu 0.1727
Epoch 3 | Step 29500 | mse 0.57374 | aux 0.57373 | L0 32.0 | dead 566/20480 | fvu 0.2103
Epoch 3 | Step 29600 | mse 0.52773 | aux 0.52772 | L0 32.0 | dead 538/20480 | fvu 0.1923
Epoch 3 | Step 29700 | mse 0.49553 | aux 0.49553 | L0 32.0 | dead 528/20480 | fvu 0.1777
Epoch 3 | Step 29800 | mse 0.80923 | aux 0.80923 | L0 32.0 | dead 525/20480 | fvu 0.2890
Epoch 3 | Step 29900 | mse 0.57529 | aux 0.57530 | L0 32.0 | dead 547/20480 | fvu 0.2027
Epoch 3 | Step 30000 | mse 0.52478 | aux 0.52478 | L0 32.0 | dead 555/20480 | fvu 0.1889
Epoch 3 | Step 30100 | mse 0.49548 | aux 0.49547 | L0 32.0 | dead 558/20480 | fvu 0.1772
Epoch 3 | Step 30200 | mse 0.72872 | aux 0.72871 | L0 32.0 | dead 581/20480 | fvu 0.2623
Epoch 3 | Step 30300 | mse 0.55129 | aux 0.55128 | L0 32.0 | dead 595/20480 | fvu 0.1966
Epoch 3 | Step 30400 | mse 0.50795 | aux 0.50795 | L0 32.0 | dead 599/20480 | fvu 0.1782
Epoch 3 | Step 30500 | mse 0.48590 | aux 0.48589 | L0 32.0 | dead 620/20480 | fvu 0.1761
Epoch 3 | Step 30600 | mse 0.67219 | aux 0.67219 | L0 32.0 | dead 620/20480 | fvu 0.2435
Epoch 3 | Step 30700 | mse 0.54697 | aux 0.54697 | L0 32.0 | dead 601/20480 | fvu 0.1913
Epoch 3 | Step 30800 | mse 0.51310 | aux 0.51310 | L0 32.0 | dead 620/20480 | fvu 0.1841
Epoch 3 | Step 30900 | mse 0.49477 | aux 0.49477 | L0 32.0 | dead 634/20480 | fvu 0.1747
Epoch 4 | Step 31000 | mse 0.63026 | aux 0.63026 | L0 32.0 | dead 654/20480 | fvu 0.2191
Epoch 4 | Step 31100 | mse 0.53671 | aux 0.53671 | L0 32.0 | dead 645/20480 | fvu 0.1936
Epoch 4 | Step 31200 | mse 0.49973 | aux 0.49973 | L0 32.0 | dead 634/20480 | fvu 0.1793
Epoch 4 | Step 31300 | mse 0.48112 | aux 0.48111 | L0 32.0 | dead 633/20480 | fvu 0.1691
Epoch 4 | Step 31400 | mse 0.60227 | aux 0.60227 | L0 32.0 | dead 635/20480 | fvu 0.2171
Epoch 4 | Step 31500 | mse 0.52099 | aux 0.52099 | L0 32.0 | dead 627/20480 | fvu 0.1844
Epoch 4 | Step 31600 | mse 0.48780 | aux 0.48780 | L0 32.0 | dead 628/20480 | fvu 0.1722
Epoch 4 | Step 31700 | mse 0.47530 | aux 0.47530 | L0 32.0 | dead 639/20480 | fvu 0.1680
Epoch 4 | Step 31800 | mse 0.60286 | aux 0.60286 | L0 32.0 | dead 641/20480 | fvu 0.2140
Epoch 4 | Step 31900 | mse 0.52622 | aux 0.52622 | L0 32.0 | dead 626/20480 | fvu 0.1865
Epoch 4 | Step 32000 | mse 0.49754 | aux 0.49754 | L0 32.0 | dead 651/20480 | fvu 0.1774
Epoch 4 | Step 32100 | mse 0.48049 | aux 0.48048 | L0 32.0 | dead 661/20480 | fvu 0.1660
Epoch 4 | Step 32200 | mse 0.57615 | aux 0.57615 | L0 32.0 | dead 652/20480 | fvu 0.2040
Epoch 4 | Step 32300 | mse 0.52371 | aux 0.52371 | L0 32.0 | dead 633/20480 | fvu 0.1917
Epoch 4 | Step 32400 | mse 0.49672 | aux 0.49672 | L0 32.0 | dead 605/20480 | fvu 0.1762
Epoch 4 | Step 32500 | mse 0.48288 | aux 0.48289 | L0 32.0 | dead 602/20480 | fvu 0.1724
Epoch 4 | Step 32600 | mse 0.55002 | aux 0.55001 | L0 32.0 | dead 622/20480 | fvu 0.1919
Epoch 4 | Step 32700 | mse 0.50358 | aux 0.50358 | L0 32.0 | dead 610/20480 | fvu 0.1800
Epoch 4 | Step 32800 | mse 0.48641 | aux 0.48640 | L0 32.0 | dead 603/20480 | fvu 0.1728
Epoch 4 | Step 32900 | mse 0.77624 | aux 0.77624 | L0 32.0 | dead 600/20480 | fvu 0.2853
Epoch 4 | Step 33000 | mse 0.55477 | aux 0.55476 | L0 32.0 | dead 611/20480 | fvu 0.1990
Epoch 4 | Step 33100 | mse 0.50792 | aux 0.50792 | L0 32.0 | dead 579/20480 | fvu 0.1864
Epoch 4 | Step 33200 | mse 0.48262 | aux 0.48262 | L0 32.0 | dead 557/20480 | fvu 0.1743
Epoch 4 | Step 33300 | mse 0.70558 | aux 0.70558 | L0 32.0 | dead 571/20480 | fvu 0.2478
Epoch 4 | Step 33400 | mse 0.55162 | aux 0.55162 | L0 32.0 | dead 560/20480 | fvu 0.1893
Epoch 4 | Step 33500 | mse 0.50779 | aux 0.50779 | L0 32.0 | dead 554/20480 | fvu 0.1752
Epoch 4 | Step 33600 | mse 0.48949 | aux 0.48949 | L0 32.0 | dead 557/20480 | fvu 0.1717
Epoch 4 | Step 33700 | mse 0.65152 | aux 0.65152 | L0 32.0 | dead 570/20480 | fvu 0.2422
Epoch 4 | Step 33800 | mse 0.54084 | aux 0.54084 | L0 32.0 | dead 579/20480 | fvu 0.1927
Epoch 4 | Step 33900 | mse 0.50676 | aux 0.50676 | L0 32.0 | dead 588/20480 | fvu 0.1729
Epoch 4 | Step 34000 | mse 0.48297 | aux 0.48297 | L0 32.0 | dead 579/20480 | fvu 0.1717
Epoch 4 | Step 34100 | mse 0.62177 | aux 0.62177 | L0 32.0 | dead 602/20480 | fvu 0.2271
Epoch 4 | Step 34200 | mse 0.53939 | aux 0.53939 | L0 32.0 | dead 618/20480 | fvu 0.1947
Epoch 4 | Step 34300 | mse 0.50383 | aux 0.50383 | L0 32.0 | dead 621/20480 | fvu 0.1809
Epoch 4 | Step 34400 | mse 0.48402 | aux 0.48402 | L0 32.0 | dead 647/20480 | fvu 0.1758
Epoch 4 | Step 34500 | mse 0.58309 | aux 0.58308 | L0 32.0 | dead 646/20480 | fvu 0.2066
Epoch 4 | Step 34600 | mse 0.52171 | aux 0.52171 | L0 32.0 | dead 633/20480 | fvu 0.1826
Epoch 4 | Step 34700 | mse 0.48526 | aux 0.48526 | L0 32.0 | dead 611/20480 | fvu 0.1682
Epoch 4 | Step 34800 | mse 0.46619 | aux 0.46619 | L0 32.0 | dead 641/20480 | fvu 0.1670
Epoch 4 | Step 34900 | mse 0.58471 | aux 0.58471 | L0 32.0 | dead 647/20480 | fvu 0.2067
Epoch 4 | Step 35000 | mse 0.52402 | aux 0.52401 | L0 32.0 | dead 632/20480 | fvu 0.1848
Epoch 4 | Step 35100 | mse 0.49117 | aux 0.49117 | L0 32.0 | dead 630/20480 | fvu 0.1791
Epoch 4 | Step 35200 | mse 0.47460 | aux 0.47460 | L0 32.0 | dead 630/20480 | fvu 0.1683
Epoch 4 | Step 35300 | mse 0.56091 | aux 0.56090 | L0 32.0 | dead 652/20480 | fvu 0.2013
Epoch 4 | Step 35400 | mse 0.50727 | aux 0.50727 | L0 32.0 | dead 635/20480 | fvu 0.1790
Epoch 4 | Step 35500 | mse 0.47937 | aux 0.47937 | L0 32.0 | dead 634/20480 | fvu 0.1723
Epoch 4 | Step 35600 | mse 0.46865 | aux 0.46864 | L0 32.0 | dead 675/20480 | fvu 0.1650
Epoch 4 | Step 35700 | mse 0.55394 | aux 0.55393 | L0 32.0 | dead 684/20480 | fvu 0.1985
Epoch 4 | Step 35800 | mse 0.50428 | aux 0.50428 | L0 32.0 | dead 661/20480 | fvu 0.1776
Epoch 4 | Step 35900 | mse 0.47986 | aux 0.47985 | L0 32.0 | dead 679/20480 | fvu 0.1738
Epoch 4 | Step 36000 | mse 0.73575 | aux 0.73575 | L0 32.0 | dead 682/20480 | fvu 0.2629
Epoch 4 | Step 36100 | mse 0.55319 | aux 0.55318 | L0 32.0 | dead 708/20480 | fvu 0.1978
Epoch 4 | Step 36200 | mse 0.50637 | aux 0.50637 | L0 32.0 | dead 680/20480 | fvu 0.1808
Epoch 4 | Step 36300 | mse 0.48102 | aux 0.48102 | L0 32.0 | dead 681/20480 | fvu 0.1720
Epoch 4 | Step 36400 | mse 0.68707 | aux 0.68707 | L0 32.0 | dead 704/20480 | fvu 0.2419
Epoch 4 | Step 36500 | mse 0.55540 | aux 0.55541 | L0 32.0 | dead 707/20480 | fvu 0.1999
Epoch 4 | Step 36600 | mse 0.51767 | aux 0.51767 | L0 32.0 | dead 682/20480 | fvu 0.1836
Epoch 4 | Step 36700 | mse 0.48719 | aux 0.48719 | L0 32.0 | dead 684/20480 | fvu 0.1722
Epoch 4 | Step 36800 | mse 0.65065 | aux 0.65066 | L0 32.0 | dead 706/20480 | fvu 0.2329
Epoch 4 | Step 36900 | mse 0.53997 | aux 0.53997 | L0 32.0 | dead 721/20480 | fvu 0.1897
Epoch 4 | Step 37000 | mse 0.49675 | aux 0.49674 | L0 32.0 | dead 723/20480 | fvu 0.1789
Epoch 4 | Step 37100 | mse 0.48499 | aux 0.48499 | L0 32.0 | dead 734/20480 | fvu 0.1703
Epoch 4 | Step 37200 | mse 0.60584 | aux 0.60584 | L0 32.0 | dead 751/20480 | fvu 0.2108
Epoch 4 | Step 37300 | mse 0.52001 | aux 0.52001 | L0 32.0 | dead 732/20480 | fvu 0.1890
Epoch 4 | Step 37400 | mse 0.49092 | aux 0.49092 | L0 32.0 | dead 734/20480 | fvu 0.1760
Epoch 4 | Step 37500 | mse 0.46679 | aux 0.46679 | L0 32.0 | dead 726/20480 | fvu 0.1634
Epoch 4 | Step 37600 | mse 0.59687 | aux 0.59687 | L0 32.0 | dead 725/20480 | fvu 0.2130
Epoch 4 | Step 37700 | mse 0.52555 | aux 0.52555 | L0 32.0 | dead 726/20480 | fvu 0.1856
Epoch 4 | Step 37800 | mse 0.49174 | aux 0.49173 | L0 32.0 | dead 745/20480 | fvu 0.1760
Epoch 4 | Step 37900 | mse 0.47238 | aux 0.47239 | L0 32.0 | dead 756/20480 | fvu 0.1681
Epoch 4 | Step 38000 | mse 0.59502 | aux 0.59502 | L0 32.0 | dead 752/20480 | fvu 0.2141
Epoch 4 | Step 38100 | mse 0.53509 | aux 0.53509 | L0 32.0 | dead 736/20480 | fvu 0.1895
Epoch 4 | Step 38200 | mse 0.50149 | aux 0.50149 | L0 32.0 | dead 739/20480 | fvu 0.1845
Epoch 4 | Step 38300 | mse 0.48680 | aux 0.48680 | L0 32.0 | dead 740/20480 | fvu 0.1668
Epoch 4 | Step 38400 | mse 0.56639 | aux 0.56639 | L0 32.0 | dead 746/20480 | fvu 0.2009
Epoch 4 | Step 38500 | mse 0.51204 | aux 0.51204 | L0 32.0 | dead 710/20480 | fvu 0.1841
Epoch 4 | Step 38600 | mse 0.49208 | aux 0.49208 | L0 32.0 | dead 712/20480 | fvu 0.1712
Epoch 5 | Step 38700 | mse 0.77189 | aux 0.77189 | L0 32.0 | dead 726/20480 | fvu 0.2726
Epoch 5 | Step 38800 | mse 0.52934 | aux 0.52935 | L0 32.0 | dead 736/20480 | fvu 0.1856
Epoch 5 | Step 38900 | mse 0.48970 | aux 0.48971 | L0 32.0 | dead 733/20480 | fvu 0.1709
Epoch 5 | Step 39000 | mse 0.47137 | aux 0.47137 | L0 32.0 | dead 743/20480 | fvu 0.1719
Epoch 5 | Step 39100 | mse 0.71456 | aux 0.71456 | L0 32.0 | dead 762/20480 | fvu 0.2546
Epoch 5 | Step 39200 | mse 0.52857 | aux 0.52857 | L0 32.0 | dead 762/20480 | fvu 0.1898
Epoch 5 | Step 39300 | mse 0.49307 | aux 0.49307 | L0 32.0 | dead 747/20480 | fvu 0.1749
Epoch 5 | Step 39400 | mse 0.47263 | aux 0.47263 | L0 32.0 | dead 748/20480 | fvu 0.1746
Epoch 5 | Step 39500 | mse 0.64763 | aux 0.64763 | L0 32.0 | dead 752/20480 | fvu 0.2249
Epoch 5 | Step 39600 | mse 0.52427 | aux 0.52427 | L0 32.0 | dead 756/20480 | fvu 0.1839
Epoch 5 | Step 39700 | mse 0.49063 | aux 0.49063 | L0 32.0 | dead 742/20480 | fvu 0.1731
Epoch 5 | Step 39800 | mse 0.47189 | aux 0.47189 | L0 32.0 | dead 762/20480 | fvu 0.1680
Epoch 5 | Step 39900 | mse 0.62150 | aux 0.62150 | L0 32.0 | dead 780/20480 | fvu 0.2218
Epoch 5 | Step 40000 | mse 0.52668 | aux 0.52669 | L0 32.0 | dead 756/20480 | fvu 0.1847
Epoch 5 | Step 40100 | mse 0.48643 | aux 0.48644 | L0 32.0 | dead 732/20480 | fvu 0.1717
Epoch 5 | Step 40200 | mse 0.47100 | aux 0.47100 | L0 32.0 | dead 729/20480 | fvu 0.1625
Epoch 5 | Step 40300 | mse 0.61310 | aux 0.61310 | L0 32.0 | dead 746/20480 | fvu 0.2138
Epoch 5 | Step 40400 | mse 0.51732 | aux 0.51732 | L0 32.0 | dead 743/20480 | fvu 0.1802
Epoch 5 | Step 40500 | mse 0.49728 | aux 0.49728 | L0 32.0 | dead 748/20480 | fvu 0.1730
Epoch 5 | Step 40600 | mse 0.47972 | aux 0.47972 | L0 32.0 | dead 762/20480 | fvu 0.1647
Epoch 5 | Step 40700 | mse 0.58614 | aux 0.58614 | L0 32.0 | dead 769/20480 | fvu 0.2107
Epoch 5 | Step 40800 | mse 0.52702 | aux 0.52702 | L0 32.0 | dead 766/20480 | fvu 0.1877
Epoch 5 | Step 40900 | mse 0.49588 | aux 0.49588 | L0 32.0 | dead 778/20480 | fvu 0.1756
Epoch 5 | Step 41000 | mse 0.47334 | aux 0.47334 | L0 32.0 | dead 789/20480 | fvu 0.1702
Epoch 5 | Step 41100 | mse 0.55701 | aux 0.55701 | L0 32.0 | dead 789/20480 | fvu 0.1936
Epoch 5 | Step 41200 | mse 0.49959 | aux 0.49959 | L0 32.0 | dead 782/20480 | fvu 0.1740
Epoch 5 | Step 41300 | mse 0.47163 | aux 0.47163 | L0 32.0 | dead 784/20480 | fvu 0.1648
Epoch 5 | Step 41400 | mse 0.45683 | aux 0.45682 | L0 32.0 | dead 791/20480 | fvu 0.1657
Epoch 5 | Step 41500 | mse 0.55121 | aux 0.55120 | L0 32.0 | dead 786/20480 | fvu 0.1977
Epoch 5 | Step 41600 | mse 0.50682 | aux 0.50682 | L0 32.0 | dead 769/20480 | fvu 0.1823
Epoch 5 | Step 41700 | mse 0.47923 | aux 0.47923 | L0 32.0 | dead 768/20480 | fvu 0.1678
Epoch 5 | Step 41800 | mse 0.77855 | aux 0.77855 | L0 32.0 | dead 761/20480 | fvu 0.2743
Epoch 5 | Step 41900 | mse 0.54954 | aux 0.54954 | L0 32.0 | dead 757/20480 | fvu 0.1971
Epoch 5 | Step 42000 | mse 0.50671 | aux 0.50671 | L0 32.0 | dead 746/20480 | fvu 0.1838
Epoch 5 | Step 42100 | mse 0.48167 | aux 0.48167 | L0 32.0 | dead 749/20480 | fvu 0.1742
Epoch 5 | Step 42200 | mse 0.70443 | aux 0.70443 | L0 32.0 | dead 749/20480 | fvu 0.2519
Epoch 5 | Step 42300 | mse 0.54277 | aux 0.54277 | L0 32.0 | dead 732/20480 | fvu 0.1940
Epoch 5 | Step 42400 | mse 0.50669 | aux 0.50670 | L0 32.0 | dead 706/20480 | fvu 0.1851
Epoch 5 | Step 42500 | mse 0.47631 | aux 0.47631 | L0 32.0 | dead 712/20480 | fvu 0.1651
Epoch 5 | Step 42600 | mse 0.65274 | aux 0.65274 | L0 32.0 | dead 731/20480 | fvu 0.2403
Epoch 5 | Step 42700 | mse 0.54219 | aux 0.54218 | L0 32.0 | dead 741/20480 | fvu 0.1894
Epoch 5 | Step 42800 | mse 0.50290 | aux 0.50291 | L0 32.0 | dead 739/20480 | fvu 0.1845
Epoch 5 | Step 42900 | mse 0.47751 | aux 0.47751 | L0 32.0 | dead 746/20480 | fvu 0.1689
Epoch 5 | Step 43000 | mse 0.62095 | aux 0.62095 | L0 32.0 | dead 768/20480 | fvu 0.2180
Epoch 5 | Step 43100 | mse 0.53285 | aux 0.53285 | L0 32.0 | dead 744/20480 | fvu 0.1917
Epoch 5 | Step 43200 | mse 0.49576 | aux 0.49576 | L0 32.0 | dead 737/20480 | fvu 0.1765
Epoch 5 | Step 43300 | mse 0.47537 | aux 0.47537 | L0 32.0 | dead 729/20480 | fvu 0.1756
Epoch 5 | Step 43400 | mse 0.59633 | aux 0.59632 | L0 32.0 | dead 731/20480 | fvu 0.2070
Epoch 5 | Step 43500 | mse 0.51992 | aux 0.51992 | L0 32.0 | dead 718/20480 | fvu 0.1842
Epoch 5 | Step 43600 | mse 0.49360 | aux 0.49360 | L0 32.0 | dead 715/20480 | fvu 0.1754
Epoch 5 | Step 43700 | mse 0.47677 | aux 0.47677 | L0 32.0 | dead 714/20480 | fvu 0.1666
Epoch 5 | Step 43800 | mse 0.58262 | aux 0.58262 | L0 32.0 | dead 718/20480 | fvu 0.2098
Epoch 5 | Step 43900 | mse 0.51921 | aux 0.51921 | L0 32.0 | dead 702/20480 | fvu 0.1839
Epoch 5 | Step 44000 | mse 0.49322 | aux 0.49322 | L0 32.0 | dead 726/20480 | fvu 0.1777
Epoch 5 | Step 44100 | mse 0.47070 | aux 0.47070 | L0 32.0 | dead 732/20480 | fvu 0.1673
Epoch 5 | Step 44200 | mse 0.55761 | aux 0.55761 | L0 32.0 | dead 771/20480 | fvu 0.2008
Epoch 5 | Step 44300 | mse 0.50014 | aux 0.50014 | L0 32.0 | dead 774/20480 | fvu 0.1805
Epoch 5 | Step 44400 | mse 0.47613 | aux 0.47613 | L0 32.0 | dead 772/20480 | fvu 0.1709
Epoch 5 | Step 44500 | mse 0.46573 | aux 0.46573 | L0 32.0 | dead 767/20480 | fvu 0.1635
Epoch 5 | Step 44600 | mse 0.54415 | aux 0.54416 | L0 32.0 | dead 765/20480 | fvu 0.1923
Epoch 5 | Step 44700 | mse 0.49559 | aux 0.49559 | L0 32.0 | dead 770/20480 | fvu 0.1764
Epoch 5 | Step 44800 | mse 0.47607 | aux 0.47607 | L0 32.0 | dead 798/20480 | fvu 0.1655
Epoch 5 | Step 44900 | mse 0.77958 | aux 0.77958 | L0 32.0 | dead 804/20480 | fvu 0.2680
Epoch 5 | Step 45000 | mse 0.56555 | aux 0.56555 | L0 32.0 | dead 814/20480 | fvu 0.1991
Epoch 5 | Step 45100 | mse 0.51789 | aux 0.51789 | L0 32.0 | dead 779/20480 | fvu 0.1816
Epoch 5 | Step 45200 | mse 0.49916 | aux 0.49916 | L0 32.0 | dead 767/20480 | fvu 0.1775
Epoch 5 | Step 45300 | mse 0.68157 | aux 0.68157 | L0 32.0 | dead 768/20480 | fvu 0.2445
Epoch 5 | Step 45400 | mse 0.54707 | aux 0.54706 | L0 32.0 | dead 763/20480 | fvu 0.1966
Epoch 5 | Step 45500 | mse 0.49885 | aux 0.49885 | L0 32.0 | dead 747/20480 | fvu 0.1835
Epoch 5 | Step 45600 | mse 0.48448 | aux 0.48447 | L0 32.0 | dead 746/20480 | fvu 0.1699
Epoch 5 | Step 45700 | mse 0.64527 | aux 0.64527 | L0 32.0 | dead 755/20480 | fvu 0.2255
Epoch 5 | Step 45800 | mse 0.54167 | aux 0.54167 | L0 32.0 | dead 749/20480 | fvu 0.1948
Epoch 5 | Step 45900 | mse 0.49373 | aux 0.49373 | L0 32.0 | dead 741/20480 | fvu 0.1727
Epoch 5 | Step 46000 | mse 0.48061 | aux 0.48061 | L0 32.0 | dead 729/20480 | fvu 0.1719
Epoch 5 | Step 46100 | mse 0.61990 | aux 0.61990 | L0 32.0 | dead 738/20480 | fvu 0.2195
Epoch 5 | Step 46200 | mse 0.52233 | aux 0.52233 | L0 32.0 | dead 735/20480 | fvu 0.1767
Epoch 5 | Step 46300 | mse 0.49321 | aux 0.49321 | L0 32.0 | dead 738/20480 | fvu 0.1768
Epoch 5 | Step 46400 | mse 0.47339 | aux 0.47339 | L0 32.0 | dead 734/20480 | fvu 0.1684
Epoch 6 | Step 46500 | mse 0.52449 | aux 0.52449 | L0 32.0 | dead 747/20480 | fvu 0.1890
Epoch 6 | Step 46600 | mse 0.48252 | aux 0.48252 | L0 32.0 | dead 743/20480 | fvu 0.1708
Epoch 6 | Step 46700 | mse 0.46751 | aux 0.46751 | L0 32.0 | dead 736/20480 | fvu 0.1620
Epoch 6 | Step 46800 | mse 0.45472 | aux 0.45472 | L0 32.0 | dead 747/20480 | fvu 0.1616
Epoch 6 | Step 46900 | mse 0.56306 | aux 0.56307 | L0 32.0 | dead 754/20480 | fvu 0.2022
Epoch 6 | Step 47000 | mse 0.50502 | aux 0.50502 | L0 32.0 | dead 752/20480 | fvu 0.1831
Epoch 6 | Step 47100 | mse 0.47395 | aux 0.47395 | L0 32.0 | dead 761/20480 | fvu 0.1716
Epoch 6 | Step 47200 | mse 0.45564 | aux 0.45564 | L0 32.0 | dead 765/20480 | fvu 0.1654
Epoch 6 | Step 47300 | mse 0.54778 | aux 0.54778 | L0 32.0 | dead 781/20480 | fvu 0.1923
Epoch 6 | Step 47400 | mse 0.49601 | aux 0.49601 | L0 32.0 | dead 779/20480 | fvu 0.1781
Epoch 6 | Step 47500 | mse 0.47519 | aux 0.47519 | L0 32.0 | dead 789/20480 | fvu 0.1733
Epoch 6 | Step 47600 | mse 0.46378 | aux 0.46378 | L0 32.0 | dead 801/20480 | fvu 0.1634
Epoch 6 | Step 47700 | mse 0.54910 | aux 0.54910 | L0 32.0 | dead 803/20480 | fvu 0.1910
Epoch 6 | Step 47800 | mse 0.49620 | aux 0.49620 | L0 32.0 | dead 790/20480 | fvu 0.1790
Epoch 6 | Step 47900 | mse 0.47052 | aux 0.47052 | L0 32.0 | dead 799/20480 | fvu 0.1691
Epoch 6 | Step 48000 | mse 0.71315 | aux 0.71315 | L0 32.0 | dead 810/20480 | fvu 0.2566
Epoch 6 | Step 48100 | mse 0.52131 | aux 0.52131 | L0 32.0 | dead 812/20480 | fvu 0.1870
Epoch 6 | Step 48200 | mse 0.48526 | aux 0.48526 | L0 32.0 | dead 810/20480 | fvu 0.1687
Epoch 6 | Step 48300 | mse 0.47022 | aux 0.47022 | L0 32.0 | dead 793/20480 | fvu 0.1647
Epoch 6 | Step 48400 | mse 0.68090 | aux 0.68090 | L0 32.0 | dead 814/20480 | fvu 0.2425
Epoch 6 | Step 48500 | mse 0.53495 | aux 0.53495 | L0 32.0 | dead 813/20480 | fvu 0.1870
Epoch 6 | Step 48600 | mse 0.50243 | aux 0.50243 | L0 32.0 | dead 800/20480 | fvu 0.1780
Epoch 6 | Step 48700 | mse 0.47814 | aux 0.47814 | L0 32.0 | dead 790/20480 | fvu 0.1704
Epoch 6 | Step 48800 | mse 0.63210 | aux 0.63210 | L0 32.0 | dead 797/20480 | fvu 0.2220
Epoch 6 | Step 48900 | mse 0.52341 | aux 0.52341 | L0 32.0 | dead 794/20480 | fvu 0.1825
Epoch 6 | Step 49000 | mse 0.49037 | aux 0.49037 | L0 32.0 | dead 777/20480 | fvu 0.1760
Epoch 6 | Step 49100 | mse 0.46801 | aux 0.46800 | L0 32.0 | dead 771/20480 | fvu 0.1672
Epoch 6 | Step 49200 | mse 0.58989 | aux 0.58990 | L0 32.0 | dead 772/20480 | fvu 0.2062
Epoch 6 | Step 49300 | mse 0.51517 | aux 0.51517 | L0 32.0 | dead 757/20480 | fvu 0.1775
Epoch 6 | Step 49400 | mse 0.48601 | aux 0.48601 | L0 32.0 | dead 759/20480 | fvu 0.1691
Epoch 6 | Step 49500 | mse 0.46380 | aux 0.46381 | L0 32.0 | dead 767/20480 | fvu 0.1640
Epoch 6 | Step 49600 | mse 0.58767 | aux 0.58767 | L0 32.0 | dead 763/20480 | fvu 0.2083
Epoch 6 | Step 49700 | mse 0.51220 | aux 0.51221 | L0 32.0 | dead 753/20480 | fvu 0.1871
Epoch 6 | Step 49800 | mse 0.49063 | aux 0.49063 | L0 32.0 | dead 749/20480 | fvu 0.1774
Epoch 6 | Step 49900 | mse 0.46986 | aux 0.46986 | L0 32.0 | dead 751/20480 | fvu 0.1689
Epoch 6 | Step 50000 | mse 0.55927 | aux 0.55926 | L0 32.0 | dead 766/20480 | fvu 0.2020
Epoch 6 | Step 50100 | mse 0.50709 | aux 0.50709 | L0 32.0 | dead 759/20480 | fvu 0.1813
Epoch 6 | Step 50200 | mse 0.48412 | aux 0.48412 | L0 32.0 | dead 767/20480 | fvu 0.1728
Epoch 6 | Step 50300 | mse 0.46391 | aux 0.46391 | L0 32.0 | dead 780/20480 | fvu 0.1686
Epoch 6 | Step 50400 | mse 0.54687 | aux 0.54687 | L0 32.0 | dead 784/20480 | fvu 0.1961
Epoch 6 | Step 50500 | mse 0.50734 | aux 0.50734 | L0 32.0 | dead 774/20480 | fvu 0.1842
Epoch 6 | Step 50600 | mse 0.48444 | aux 0.48444 | L0 32.0 | dead 770/20480 | fvu 0.1728
Epoch 6 | Step 50700 | mse 0.79097 | aux 0.79097 | L0 32.0 | dead 794/20480 | fvu 0.2752
Epoch 6 | Step 50800 | mse 0.54203 | aux 0.54204 | L0 32.0 | dead 807/20480 | fvu 0.1937
Epoch 6 | Step 50900 | mse 0.50415 | aux 0.50415 | L0 32.0 | dead 794/20480 | fvu 0.1768
Epoch 6 | Step 51000 | mse 0.47595 | aux 0.47595 | L0 32.0 | dead 796/20480 | fvu 0.1679
Epoch 6 | Step 51100 | mse 0.69031 | aux 0.69031 | L0 32.0 | dead 800/20480 | fvu 0.2443
Epoch 6 | Step 51200 | mse 0.53003 | aux 0.53003 | L0 32.0 | dead 803/20480 | fvu 0.1926
Epoch 6 | Step 51300 | mse 0.48804 | aux 0.48804 | L0 32.0 | dead 796/20480 | fvu 0.1769
Epoch 6 | Step 51400 | mse 0.47264 | aux 0.47265 | L0 32.0 | dead 804/20480 | fvu 0.1739
Epoch 6 | Step 51500 | mse 0.65207 | aux 0.65208 | L0 32.0 | dead 810/20480 | fvu 0.2351
Epoch 6 | Step 51600 | mse 0.53589 | aux 0.53589 | L0 32.0 | dead 813/20480 | fvu 0.1896
Epoch 6 | Step 51700 | mse 0.49628 | aux 0.49628 | L0 32.0 | dead 807/20480 | fvu 0.1753
Epoch 6 | Step 51800 | mse 0.47641 | aux 0.47641 | L0 32.0 | dead 797/20480 | fvu 0.1679
Epoch 6 | Step 51900 | mse 0.61988 | aux 0.61988 | L0 32.0 | dead 800/20480 | fvu 0.2208
Epoch 6 | Step 52000 | mse 0.53051 | aux 0.53051 | L0 32.0 | dead 801/20480 | fvu 0.1889
Epoch 6 | Step 52100 | mse 0.49142 | aux 0.49142 | L0 32.0 | dead 790/20480 | fvu 0.1785
Epoch 6 | Step 52200 | mse 0.48079 | aux 0.48079 | L0 32.0 | dead 803/20480 | fvu 0.1717
Epoch 6 | Step 52300 | mse 0.61150 | aux 0.61150 | L0 32.0 | dead 806/20480 | fvu 0.2173
Epoch 6 | Step 52400 | mse 0.52560 | aux 0.52560 | L0 32.0 | dead 800/20480 | fvu 0.1941
Epoch 6 | Step 52500 | mse 0.49147 | aux 0.49147 | L0 32.0 | dead 794/20480 | fvu 0.1803
Epoch 6 | Step 52600 | mse 0.46886 | aux 0.46886 | L0 32.0 | dead 798/20480 | fvu 0.1671
Epoch 6 | Step 52700 | mse 0.59107 | aux 0.59107 | L0 32.0 | dead 801/20480 | fvu 0.2156
Epoch 6 | Step 52800 | mse 0.52647 | aux 0.52647 | L0 32.0 | dead 781/20480 | fvu 0.1842
Epoch 6 | Step 52900 | mse 0.49170 | aux 0.49170 | L0 32.0 | dead 776/20480 | fvu 0.1720
Epoch 6 | Step 53000 | mse 0.48111 | aux 0.48111 | L0 32.0 | dead 780/20480 | fvu 0.1715
Epoch 6 | Step 53100 | mse 0.56572 | aux 0.56572 | L0 32.0 | dead 794/20480 | fvu 0.2017
Epoch 6 | Step 53200 | mse 0.50872 | aux 0.50872 | L0 32.0 | dead 778/20480 | fvu 0.1817
Epoch 6 | Step 53300 | mse 0.48504 | aux 0.48504 | L0 32.0 | dead 774/20480 | fvu 0.1690
Epoch 6 | Step 53400 | mse 0.46843 | aux 0.46843 | L0 32.0 | dead 782/20480 | fvu 0.1686
Epoch 6 | Step 53500 | mse 0.54955 | aux 0.54956 | L0 32.0 | dead 784/20480 | fvu 0.1962
Epoch 6 | Step 53600 | mse 0.49738 | aux 0.49737 | L0 32.0 | dead 779/20480 | fvu 0.1797
Epoch 6 | Step 53700 | mse 0.47782 | aux 0.47781 | L0 32.0 | dead 792/20480 | fvu 0.1716
Epoch 6 | Step 53800 | mse 0.77645 | aux 0.77645 | L0 32.0 | dead 786/20480 | fvu 0.2822
Epoch 6 | Step 53900 | mse 0.55035 | aux 0.55035 | L0 32.0 | dead 788/20480 | fvu 0.1957
Epoch 6 | Step 54000 | mse 0.50230 | aux 0.50230 | L0 32.0 | dead 784/20480 | fvu 0.1807
Epoch 6 | Step 54100 | mse 0.48450 | aux 0.48450 | L0 32.0 | dead 779/20480 | fvu 0.1713
Epoch 7 | Step 54200 | mse 0.65593 | aux 0.65593 | L0 32.0 | dead 790/20480 | fvu 0.2317
Epoch 7 | Step 54300 | mse 0.51085 | aux 0.51085 | L0 32.0 | dead 796/20480 | fvu 0.1817
Epoch 7 | Step 54400 | mse 0.49122 | aux 0.49122 | L0 32.0 | dead 785/20480 | fvu 0.1695
Epoch 7 | Step 54500 | mse 0.47300 | aux 0.47300 | L0 32.0 | dead 792/20480 | fvu 0.1617
Epoch 7 | Step 54600 | mse 0.64135 | aux 0.64135 | L0 32.0 | dead 793/20480 | fvu 0.2218
Epoch 7 | Step 54700 | mse 0.53391 | aux 0.53391 | L0 32.0 | dead 777/20480 | fvu 0.1860
Epoch 7 | Step 54800 | mse 0.48988 | aux 0.48988 | L0 32.0 | dead 768/20480 | fvu 0.1726
Epoch 7 | Step 54900 | mse 0.47760 | aux 0.47760 | L0 32.0 | dead 769/20480 | fvu 0.1658
Epoch 7 | Step 55000 | mse 0.58479 | aux 0.58479 | L0 32.0 | dead 758/20480 | fvu 0.2124
Epoch 7 | Step 55100 | mse 0.51265 | aux 0.51265 | L0 32.0 | dead 759/20480 | fvu 0.1874
Epoch 7 | Step 55200 | mse 0.48168 | aux 0.48168 | L0 32.0 | dead 752/20480 | fvu 0.1768
Epoch 7 | Step 55300 | mse 0.46193 | aux 0.46193 | L0 32.0 | dead 753/20480 | fvu 0.1667
Epoch 7 | Step 55400 | mse 0.57968 | aux 0.57968 | L0 32.0 | dead 768/20480 | fvu 0.2036
Epoch 7 | Step 55500 | mse 0.50683 | aux 0.50683 | L0 32.0 | dead 758/20480 | fvu 0.1775
Epoch 7 | Step 55600 | mse 0.48106 | aux 0.48107 | L0 32.0 | dead 753/20480 | fvu 0.1657
Epoch 7 | Step 55700 | mse 0.46028 | aux 0.46028 | L0 32.0 | dead 757/20480 | fvu 0.1639
Epoch 7 | Step 55800 | mse 0.57342 | aux 0.57342 | L0 32.0 | dead 761/20480 | fvu 0.2059
Epoch 7 | Step 55900 | mse 0.51010 | aux 0.51010 | L0 32.0 | dead 754/20480 | fvu 0.1878
Epoch 7 | Step 56000 | mse 0.48320 | aux 0.48321 | L0 32.0 | dead 744/20480 | fvu 0.1697
Epoch 7 | Step 56100 | mse 0.46212 | aux 0.46212 | L0 32.0 | dead 744/20480 | fvu 0.1646
Epoch 7 | Step 56200 | mse 0.54810 | aux 0.54810 | L0 32.0 | dead 750/20480 | fvu 0.1988
Epoch 7 | Step 56300 | mse 0.49392 | aux 0.49392 | L0 32.0 | dead 747/20480 | fvu 0.1753
Epoch 7 | Step 56400 | mse 0.46929 | aux 0.46929 | L0 32.0 | dead 747/20480 | fvu 0.1714
Epoch 7 | Step 56500 | mse 0.45535 | aux 0.45535 | L0 32.0 | dead 752/20480 | fvu 0.1631
Epoch 7 | Step 56600 | mse 0.53582 | aux 0.53582 | L0 32.0 | dead 754/20480 | fvu 0.1916
Epoch 7 | Step 56700 | mse 0.49025 | aux 0.49025 | L0 32.0 | dead 748/20480 | fvu 0.1753
Epoch 7 | Step 56800 | mse 0.47789 | aux 0.47789 | L0 32.0 | dead 753/20480 | fvu 0.1712
Epoch 7 | Step 56900 | mse 0.72361 | aux 0.72361 | L0 32.0 | dead 747/20480 | fvu 0.2532
Epoch 7 | Step 57000 | mse 0.53056 | aux 0.53055 | L0 32.0 | dead 748/20480 | fvu 0.1904
Epoch 7 | Step 57100 | mse 0.48814 | aux 0.48814 | L0 32.0 | dead 745/20480 | fvu 0.1715
Epoch 7 | Step 57200 | mse 0.47357 | aux 0.47357 | L0 32.0 | dead 755/20480 | fvu 0.1685
Epoch 7 | Step 57300 | mse 0.66910 | aux 0.66910 | L0 32.0 | dead 767/20480 | fvu 0.2377
Epoch 7 | Step 57400 | mse 0.52708 | aux 0.52708 | L0 32.0 | dead 766/20480 | fvu 0.1824
Epoch 7 | Step 57500 | mse 0.49968 | aux 0.49967 | L0 32.0 | dead 755/20480 | fvu 0.1751
Epoch 7 | Step 57600 | mse 0.47474 | aux 0.47474 | L0 32.0 | dead 740/20480 | fvu 0.1651
Epoch 7 | Step 57700 | mse 0.62063 | aux 0.62063 | L0 32.0 | dead 749/20480 | fvu 0.2257
Epoch 7 | Step 57800 | mse 0.52418 | aux 0.52418 | L0 32.0 | dead 754/20480 | fvu 0.1905
Epoch 7 | Step 57900 | mse 0.49199 | aux 0.49199 | L0 32.0 | dead 759/20480 | fvu 0.1709
Epoch 7 | Step 58000 | mse 0.46834 | aux 0.46834 | L0 32.0 | dead 763/20480 | fvu 0.1641
Epoch 7 | Step 58100 | mse 0.60226 | aux 0.60226 | L0 32.0 | dead 765/20480 | fvu 0.2128
Epoch 7 | Step 58200 | mse 0.51913 | aux 0.51913 | L0 32.0 | dead 751/20480 | fvu 0.1821
Epoch 7 | Step 58300 | mse 0.48672 | aux 0.48672 | L0 32.0 | dead 751/20480 | fvu 0.1749
Epoch 7 | Step 58400 | mse 0.46485 | aux 0.46485 | L0 32.0 | dead 747/20480 | fvu 0.1654
Epoch 7 | Step 58500 | mse 0.57837 | aux 0.57837 | L0 32.0 | dead 755/20480 | fvu 0.2094
Epoch 7 | Step 58600 | mse 0.51404 | aux 0.51404 | L0 32.0 | dead 754/20480 | fvu 0.1809
Epoch 7 | Step 58700 | mse 0.47811 | aux 0.47811 | L0 32.0 | dead 749/20480 | fvu 0.1718
Epoch 7 | Step 58800 | mse 0.46868 | aux 0.46868 | L0 32.0 | dead 744/20480 | fvu 0.1684
Epoch 7 | Step 58900 | mse 0.56567 | aux 0.56567 | L0 32.0 | dead 747/20480 | fvu 0.2033
Epoch 7 | Step 59000 | mse 0.50197 | aux 0.50197 | L0 32.0 | dead 742/20480 | fvu 0.1867
Epoch 7 | Step 59100 | mse 0.48127 | aux 0.48127 | L0 32.0 | dead 737/20480 | fvu 0.1715
Epoch 7 | Step 59200 | mse 0.46554 | aux 0.46554 | L0 32.0 | dead 740/20480 | fvu 0.1662
Epoch 7 | Step 59300 | mse 0.55703 | aux 0.55703 | L0 32.0 | dead 739/20480 | fvu 0.2003
Epoch 7 | Step 59400 | mse 0.50393 | aux 0.50393 | L0 32.0 | dead 736/20480 | fvu 0.1818
Epoch 7 | Step 59500 | mse 0.47974 | aux 0.47974 | L0 32.0 | dead 740/20480 | fvu 0.1715
Epoch 7 | Step 59600 | mse 0.81969 | aux 0.81969 | L0 32.0 | dead 743/20480 | fvu 0.2885
Epoch 7 | Step 59700 | mse 0.55978 | aux 0.55978 | L0 32.0 | dead 738/20480 | fvu 0.1938
Epoch 7 | Step 59800 | mse 0.50300 | aux 0.50300 | L0 32.0 | dead 743/20480 | fvu 0.1835
Epoch 7 | Step 59900 | mse 0.48319 | aux 0.48319 | L0 32.0 | dead 746/20480 | fvu 0.1733
Epoch 7 | Step 60000 | mse 0.69524 | aux 0.69524 | L0 32.0 | dead 758/20480 | fvu 0.2513
Epoch 7 | Step 60100 | mse 0.53209 | aux 0.53209 | L0 32.0 | dead 763/20480 | fvu 0.1878
Epoch 7 | Step 60200 | mse 0.48776 | aux 0.48777 | L0 32.0 | dead 755/20480 | fvu 0.1741
Epoch 7 | Step 60300 | mse 0.47001 | aux 0.47001 | L0 32.0 | dead 754/20480 | fvu 0.1626
Epoch 7 | Step 60400 | mse 0.66533 | aux 0.66533 | L0 32.0 | dead 752/20480 | fvu 0.2356
Epoch 7 | Step 60500 | mse 0.53809 | aux 0.53808 | L0 32.0 | dead 755/20480 | fvu 0.1916
Epoch 7 | Step 60600 | mse 0.49266 | aux 0.49266 | L0 32.0 | dead 754/20480 | fvu 0.1804
Epoch 7 | Step 60700 | mse 0.47783 | aux 0.47783 | L0 32.0 | dead 754/20480 | fvu 0.1698
Epoch 7 | Step 60800 | mse 0.60496 | aux 0.60496 | L0 32.0 | dead 761/20480 | fvu 0.2209
Epoch 7 | Step 60900 | mse 0.51030 | aux 0.51029 | L0 32.0 | dead 766/20480 | fvu 0.1805
Epoch 7 | Step 61000 | mse 0.48298 | aux 0.48298 | L0 32.0 | dead 752/20480 | fvu 0.1767
Epoch 7 | Step 61100 | mse 0.46795 | aux 0.46795 | L0 32.0 | dead 758/20480 | fvu 0.1679
Epoch 7 | Step 61200 | mse 0.59796 | aux 0.59796 | L0 32.0 | dead 765/20480 | fvu 0.2102
Epoch 7 | Step 61300 | mse 0.51849 | aux 0.51849 | L0 32.0 | dead 762/20480 | fvu 0.1825
Epoch 7 | Step 61400 | mse 0.48578 | aux 0.48578 | L0 32.0 | dead 761/20480 | fvu 0.1718
Epoch 7 | Step 61500 | mse 0.46564 | aux 0.46564 | L0 32.0 | dead 768/20480 | fvu 0.1644
Epoch 7 | Step 61600 | mse 0.57264 | aux 0.57264 | L0 32.0 | dead 775/20480 | fvu 0.2023
Epoch 7 | Step 61700 | mse 0.51035 | aux 0.51035 | L0 32.0 | dead 774/20480 | fvu 0.1830
Epoch 7 | Step 61800 | mse 0.48135 | aux 0.48135 | L0 32.0 | dead 775/20480 | fvu 0.1691
Epoch 7 | Step 61900 | mse 0.46419 | aux 0.46419 | L0 32.0 | dead 785/20480 | fvu 0.1656
Epoch 8 | Step 62000 | mse 0.55164 | aux 0.55164 | L0 32.0 | dead 785/20480 | fvu 0.1968
Epoch 8 | Step 62100 | mse 0.50700 | aux 0.50700 | L0 32.0 | dead 787/20480 | fvu 0.1780
Epoch 8 | Step 62200 | mse 0.47861 | aux 0.47861 | L0 32.0 | dead 778/20480 | fvu 0.1704
Epoch 8 | Step 62300 | mse 0.46329 | aux 0.46329 | L0 32.0 | dead 781/20480 | fvu 0.1603
Epoch 8 | Step 62400 | mse 0.53650 | aux 0.53650 | L0 32.0 | dead 782/20480 | fvu 0.1958
Epoch 8 | Step 62500 | mse 0.49319 | aux 0.49319 | L0 32.0 | dead 771/20480 | fvu 0.1728
Epoch 8 | Step 62600 | mse 0.46493 | aux 0.46493 | L0 32.0 | dead 774/20480 | fvu 0.1676
Epoch 8 | Step 62700 | mse 0.72247 | aux 0.72247 | L0 32.0 | dead 772/20480 | fvu 0.2549
Epoch 8 | Step 62800 | mse 0.51603 | aux 0.51602 | L0 32.0 | dead 767/20480 | fvu 0.1868
Epoch 8 | Step 62900 | mse 0.48548 | aux 0.48548 | L0 32.0 | dead 762/20480 | fvu 0.1706
Epoch 8 | Step 63000 | mse 0.45799 | aux 0.45799 | L0 32.0 | dead 770/20480 | fvu 0.1658
Epoch 8 | Step 63100 | mse 0.66214 | aux 0.66214 | L0 32.0 | dead 772/20480 | fvu 0.2416
Epoch 8 | Step 63200 | mse 0.51754 | aux 0.51754 | L0 32.0 | dead 769/20480 | fvu 0.1872
Epoch 8 | Step 63300 | mse 0.48027 | aux 0.48027 | L0 32.0 | dead 760/20480 | fvu 0.1730
Epoch 8 | Step 63400 | mse 0.46852 | aux 0.46852 | L0 32.0 | dead 762/20480 | fvu 0.1659
Epoch 8 | Step 63500 | mse 0.61235 | aux 0.61235 | L0 32.0 | dead 766/20480 | fvu 0.2147
Epoch 8 | Step 63600 | mse 0.50662 | aux 0.50662 | L0 32.0 | dead 758/20480 | fvu 0.1789
Epoch 8 | Step 63700 | mse 0.47265 | aux 0.47265 | L0 32.0 | dead 754/20480 | fvu 0.1707
Epoch 8 | Step 63800 | mse 0.46384 | aux 0.46384 | L0 32.0 | dead 751/20480 | fvu 0.1649
Epoch 8 | Step 63900 | mse 0.59549 | aux 0.59549 | L0 32.0 | dead 759/20480 | fvu 0.2109
Epoch 8 | Step 64000 | mse 0.51404 | aux 0.51404 | L0 32.0 | dead 749/20480 | fvu 0.1822
Epoch 8 | Step 64100 | mse 0.48352 | aux 0.48352 | L0 32.0 | dead 746/20480 | fvu 0.1644
Epoch 8 | Step 64200 | mse 0.46153 | aux 0.46153 | L0 32.0 | dead 746/20480 | fvu 0.1621
Epoch 8 | Step 64300 | mse 0.58597 | aux 0.58597 | L0 32.0 | dead 745/20480 | fvu 0.2073
Epoch 8 | Step 64400 | mse 0.51032 | aux 0.51032 | L0 32.0 | dead 741/20480 | fvu 0.1807
Epoch 8 | Step 64500 | mse 0.48392 | aux 0.48392 | L0 32.0 | dead 736/20480 | fvu 0.1725
Epoch 8 | Step 64600 | mse 0.46786 | aux 0.46786 | L0 32.0 | dead 732/20480 | fvu 0.1627
Epoch 8 | Step 64700 | mse 0.56963 | aux 0.56963 | L0 32.0 | dead 738/20480 | fvu 0.2015
Epoch 8 | Step 64800 | mse 0.51427 | aux 0.51427 | L0 32.0 | dead 735/20480 | fvu 0.1798
Epoch 8 | Step 64900 | mse 0.48040 | aux 0.48040 | L0 32.0 | dead 728/20480 | fvu 0.1701
Epoch 8 | Step 65000 | mse 0.46645 | aux 0.46645 | L0 32.0 | dead 734/20480 | fvu 0.1641
Epoch 8 | Step 65100 | mse 0.55640 | aux 0.55640 | L0 32.0 | dead 735/20480 | fvu 0.1974
Epoch 8 | Step 65200 | mse 0.50233 | aux 0.50233 | L0 32.0 | dead 727/20480 | fvu 0.1760
Epoch 8 | Step 65300 | mse 0.47928 | aux 0.47928 | L0 32.0 | dead 733/20480 | fvu 0.1684
Epoch 8 | Step 65400 | mse 0.46281 | aux 0.46281 | L0 32.0 | dead 733/20480 | fvu 0.1662
Epoch 8 | Step 65500 | mse 0.55444 | aux 0.55444 | L0 32.0 | dead 724/20480 | fvu 0.1992
Epoch 8 | Step 65600 | mse 0.50910 | aux 0.50910 | L0 32.0 | dead 728/20480 | fvu 0.1744
Epoch 8 | Step 65700 | mse 0.47725 | aux 0.47725 | L0 32.0 | dead 715/20480 | fvu 0.1734
Epoch 8 | Step 65800 | mse 0.73235 | aux 0.73235 | L0 32.0 | dead 716/20480 | fvu 0.2641
Epoch 8 | Step 65900 | mse 0.54817 | aux 0.54817 | L0 32.0 | dead 704/20480 | fvu 0.1916
Epoch 8 | Step 66000 | mse 0.49838 | aux 0.49838 | L0 32.0 | dead 700/20480 | fvu 0.1799
Epoch 8 | Step 66100 | mse 0.47242 | aux 0.47242 | L0 32.0 | dead 696/20480 | fvu 0.1686
Epoch 8 | Step 66200 | mse 0.67248 | aux 0.67248 | L0 32.0 | dead 697/20480 | fvu 0.2393
Epoch 8 | Step 66300 | mse 0.52298 | aux 0.52298 | L0 32.0 | dead 691/20480 | fvu 0.1874
Epoch 8 | Step 66400 | mse 0.48324 | aux 0.48324 | L0 32.0 | dead 690/20480 | fvu 0.1709
Epoch 8 | Step 66500 | mse 0.46913 | aux 0.46913 | L0 32.0 | dead 698/20480 | fvu 0.1658
Epoch 8 | Step 66600 | mse 0.65322 | aux 0.65322 | L0 32.0 | dead 697/20480 | fvu 0.2308
Epoch 8 | Step 66700 | mse 0.53193 | aux 0.53193 | L0 32.0 | dead 695/20480 | fvu 0.1865
Epoch 8 | Step 66800 | mse 0.49916 | aux 0.49916 | L0 32.0 | dead 697/20480 | fvu 0.1760
Epoch 8 | Step 66900 | mse 0.47481 | aux 0.47481 | L0 32.0 | dead 699/20480 | fvu 0.1687
Epoch 8 | Step 67000 | mse 0.57744 | aux 0.57744 | L0 32.0 | dead 702/20480 | fvu 0.2105
Epoch 8 | Step 67100 | mse 0.49674 | aux 0.49674 | L0 32.0 | dead 699/20480 | fvu 0.1755
Epoch 8 | Step 67200 | mse 0.47210 | aux 0.47210 | L0 32.0 | dead 694/20480 | fvu 0.1671
Epoch 8 | Step 67300 | mse 0.45435 | aux 0.45435 | L0 32.0 | dead 701/20480 | fvu 0.1609
Epoch 8 | Step 67400 | mse 0.58005 | aux 0.58005 | L0 32.0 | dead 704/20480 | fvu 0.2116
Epoch 8 | Step 67500 | mse 0.51469 | aux 0.51469 | L0 32.0 | dead 697/20480 | fvu 0.1831
Epoch 8 | Step 67600 | mse 0.48364 | aux 0.48364 | L0 32.0 | dead 691/20480 | fvu 0.1724
Epoch 8 | Step 67700 | mse 0.46837 | aux 0.46837 | L0 32.0 | dead 688/20480 | fvu 0.1630
Epoch 8 | Step 67800 | mse 0.56475 | aux 0.56475 | L0 32.0 | dead 686/20480 | fvu 0.2054
Epoch 8 | Step 67900 | mse 0.50115 | aux 0.50115 | L0 32.0 | dead 692/20480 | fvu 0.1812
Epoch 8 | Step 68000 | mse 0.47413 | aux 0.47413 | L0 32.0 | dead 697/20480 | fvu 0.1717
Epoch 8 | Step 68100 | mse 0.45897 | aux 0.45897 | L0 32.0 | dead 700/20480 | fvu 0.1636
Epoch 8 | Step 68200 | mse 0.54790 | aux 0.54790 | L0 32.0 | dead 712/20480 | fvu 0.1922
Epoch 8 | Step 68300 | mse 0.49901 | aux 0.49901 | L0 32.0 | dead 709/20480 | fvu 0.1789
Epoch 8 | Step 68400 | mse 0.47036 | aux 0.47036 | L0 32.0 | dead 712/20480 | fvu 0.1654
Epoch 8 | Step 68500 | mse 0.78503 | aux 0.78503 | L0 32.0 | dead 703/20480 | fvu 0.2823
Epoch 8 | Step 68600 | mse 0.54711 | aux 0.54712 | L0 32.0 | dead 708/20480 | fvu 0.1952
Epoch 8 | Step 68700 | mse 0.50393 | aux 0.50393 | L0 32.0 | dead 707/20480 | fvu 0.1824
Epoch 8 | Step 68800 | mse 0.47844 | aux 0.47843 | L0 32.0 | dead 702/20480 | fvu 0.1727
Epoch 8 | Step 68900 | mse 0.70185 | aux 0.70185 | L0 32.0 | dead 692/20480 | fvu 0.2505
Epoch 8 | Step 69000 | mse 0.54052 | aux 0.54053 | L0 32.0 | dead 681/20480 | fvu 0.1929
Epoch 8 | Step 69100 | mse 0.49156 | aux 0.49156 | L0 32.0 | dead 671/20480 | fvu 0.1740
Epoch 8 | Step 69200 | mse 0.46640 | aux 0.46640 | L0 32.0 | dead 669/20480 | fvu 0.1713
Epoch 8 | Step 69300 | mse 0.63042 | aux 0.63042 | L0 32.0 | dead 664/20480 | fvu 0.2345
Epoch 8 | Step 69400 | mse 0.51756 | aux 0.51756 | L0 32.0 | dead 666/20480 | fvu 0.1825
Epoch 8 | Step 69500 | mse 0.48109 | aux 0.48108 | L0 32.0 | dead 665/20480 | fvu 0.1720
Epoch 8 | Step 69600 | mse 0.45509 | aux 0.45509 | L0 32.0 | dead 662/20480 | fvu 0.1608
Epoch 9 | Step 69700 | mse 0.56880 | aux 0.56880 | L0 32.0 | dead 668/20480 | fvu 0.2033
Epoch 9 | Step 69800 | mse 0.49069 | aux 0.49069 | L0 32.0 | dead 663/20480 | fvu 0.1772
Epoch 9 | Step 69900 | mse 0.47092 | aux 0.47092 | L0 32.0 | dead 667/20480 | fvu 0.1702
Epoch 9 | Step 70000 | mse 0.45337 | aux 0.45337 | L0 32.0 | dead 677/20480 | fvu 0.1612
Epoch 9 | Step 70100 | mse 0.57741 | aux 0.57741 | L0 32.0 | dead 678/20480 | fvu 0.2087
Epoch 9 | Step 70200 | mse 0.49588 | aux 0.49588 | L0 32.0 | dead 678/20480 | fvu 0.1808
Epoch 9 | Step 70300 | mse 0.47466 | aux 0.47466 | L0 32.0 | dead 671/20480 | fvu 0.1693
Epoch 9 | Step 70400 | mse 0.45598 | aux 0.45598 | L0 32.0 | dead 668/20480 | fvu 0.1666
Epoch 9 | Step 70500 | mse 0.56727 | aux 0.56727 | L0 32.0 | dead 660/20480 | fvu 0.2042
Epoch 9 | Step 70600 | mse 0.49989 | aux 0.49989 | L0 32.0 | dead 670/20480 | fvu 0.1795
Epoch 9 | Step 70700 | mse 0.47494 | aux 0.47494 | L0 32.0 | dead 670/20480 | fvu 0.1703
Epoch 9 | Step 70800 | mse 0.46426 | aux 0.46425 | L0 32.0 | dead 674/20480 | fvu 0.1591
Epoch 9 | Step 70900 | mse 0.56431 | aux 0.56431 | L0 32.0 | dead 676/20480 | fvu 0.2059
Epoch 9 | Step 71000 | mse 0.50805 | aux 0.50805 | L0 32.0 | dead 677/20480 | fvu 0.1812
Epoch 9 | Step 71100 | mse 0.47557 | aux 0.47557 | L0 32.0 | dead 666/20480 | fvu 0.1710
Epoch 9 | Step 71200 | mse 0.45948 | aux 0.45947 | L0 32.0 | dead 664/20480 | fvu 0.1680
Epoch 9 | Step 71300 | mse 0.52720 | aux 0.52720 | L0 32.0 | dead 667/20480 | fvu 0.1856
Epoch 9 | Step 71400 | mse 0.48288 | aux 0.48288 | L0 32.0 | dead 673/20480 | fvu 0.1691
Epoch 9 | Step 71500 | mse 0.46045 | aux 0.46045 | L0 32.0 | dead 680/20480 | fvu 0.1680
Epoch 9 | Step 71600 | mse 0.77355 | aux 0.77355 | L0 32.0 | dead 684/20480 | fvu 0.2724
Epoch 9 | Step 71700 | mse 0.53462 | aux 0.53462 | L0 32.0 | dead 680/20480 | fvu 0.1921
Epoch 9 | Step 71800 | mse 0.48711 | aux 0.48711 | L0 32.0 | dead 671/20480 | fvu 0.1720
Epoch 9 | Step 71900 | mse 0.46991 | aux 0.46991 | L0 32.0 | dead 666/20480 | fvu 0.1703
Epoch 9 | Step 72000 | mse 0.68843 | aux 0.68843 | L0 32.0 | dead 664/20480 | fvu 0.2432
Epoch 9 | Step 72100 | mse 0.52785 | aux 0.52785 | L0 32.0 | dead 665/20480 | fvu 0.1882
Epoch 9 | Step 72200 | mse 0.48778 | aux 0.48778 | L0 32.0 | dead 658/20480 | fvu 0.1733
Epoch 9 | Step 72300 | mse 0.46525 | aux 0.46525 | L0 32.0 | dead 650/20480 | fvu 0.1689
Epoch 9 | Step 72400 | mse 0.62906 | aux 0.62906 | L0 32.0 | dead 652/20480 | fvu 0.2232
Epoch 9 | Step 72500 | mse 0.51752 | aux 0.51751 | L0 32.0 | dead 651/20480 | fvu 0.1812
Epoch 9 | Step 72600 | mse 0.47870 | aux 0.47870 | L0 32.0 | dead 651/20480 | fvu 0.1718
Epoch 9 | Step 72700 | mse 0.46322 | aux 0.46322 | L0 32.0 | dead 652/20480 | fvu 0.1649
Epoch 9 | Step 72800 | mse 0.61746 | aux 0.61746 | L0 32.0 | dead 656/20480 | fvu 0.2135
Epoch 9 | Step 72900 | mse 0.52186 | aux 0.52186 | L0 32.0 | dead 662/20480 | fvu 0.1868
Epoch 9 | Step 73000 | mse 0.48850 | aux 0.48850 | L0 32.0 | dead 662/20480 | fvu 0.1746
Epoch 9 | Step 73100 | mse 0.47200 | aux 0.47200 | L0 32.0 | dead 660/20480 | fvu 0.1650
Epoch 9 | Step 73200 | mse 0.58637 | aux 0.58637 | L0 32.0 | dead 659/20480 | fvu 0.2085
Epoch 9 | Step 73300 | mse 0.50679 | aux 0.50679 | L0 32.0 | dead 657/20480 | fvu 0.1841
Epoch 9 | Step 73400 | mse 0.47523 | aux 0.47523 | L0 32.0 | dead 649/20480 | fvu 0.1700
Epoch 9 | Step 73500 | mse 0.45983 | aux 0.45983 | L0 32.0 | dead 648/20480 | fvu 0.1664
Epoch 9 | Step 73600 | mse 0.56875 | aux 0.56875 | L0 32.0 | dead 661/20480 | fvu 0.1951
Epoch 9 | Step 73700 | mse 0.49718 | aux 0.49718 | L0 32.0 | dead 657/20480 | fvu 0.1749
Epoch 9 | Step 73800 | mse 0.46889 | aux 0.46889 | L0 32.0 | dead 655/20480 | fvu 0.1632
Epoch 9 | Step 73900 | mse 0.45723 | aux 0.45723 | L0 32.0 | dead 652/20480 | fvu 0.1607
Epoch 9 | Step 74000 | mse 0.54671 | aux 0.54671 | L0 32.0 | dead 654/20480 | fvu 0.1965
Epoch 9 | Step 74100 | mse 0.50462 | aux 0.50462 | L0 32.0 | dead 647/20480 | fvu 0.1819
Epoch 9 | Step 74200 | mse 0.47006 | aux 0.47006 | L0 32.0 | dead 648/20480 | fvu 0.1646
Epoch 9 | Step 74300 | mse 0.45157 | aux 0.45157 | L0 32.0 | dead 650/20480 | fvu 0.1628
Epoch 9 | Step 74400 | mse 0.53446 | aux 0.53446 | L0 32.0 | dead 656/20480 | fvu 0.1904
Epoch 9 | Step 74500 | mse 0.49059 | aux 0.49059 | L0 32.0 | dead 655/20480 | fvu 0.1770
Epoch 9 | Step 74600 | mse 0.47452 | aux 0.47452 | L0 32.0 | dead 655/20480 | fvu 0.1673
Epoch 9 | Step 74700 | mse 0.74640 | aux 0.74640 | L0 32.0 | dead 661/20480 | fvu 0.2666
Epoch 9 | Step 74800 | mse 0.53986 | aux 0.53986 | L0 32.0 | dead 662/20480 | fvu 0.1930
Epoch 9 | Step 74900 | mse 0.48769 | aux 0.48769 | L0 32.0 | dead 664/20480 | fvu 0.1724
Epoch 9 | Step 75000 | mse 0.47596 | aux 0.47596 | L0 32.0 | dead 665/20480 | fvu 0.1677
Epoch 9 | Step 75100 | mse 0.68068 | aux 0.68068 | L0 32.0 | dead 661/20480 | fvu 0.2440
Epoch 9 | Step 75200 | mse 0.53091 | aux 0.53091 | L0 32.0 | dead 661/20480 | fvu 0.1821
Epoch 9 | Step 75300 | mse 0.49135 | aux 0.49135 | L0 32.0 | dead 658/20480 | fvu 0.1728
Epoch 9 | Step 75400 | mse 0.47470 | aux 0.47470 | L0 32.0 | dead 657/20480 | fvu 0.1664
Epoch 9 | Step 75500 | mse 0.62530 | aux 0.62530 | L0 32.0 | dead 662/20480 | fvu 0.2224
Epoch 9 | Step 75600 | mse 0.52039 | aux 0.52039 | L0 32.0 | dead 658/20480 | fvu 0.1875
Epoch 9 | Step 75700 | mse 0.48338 | aux 0.48338 | L0 32.0 | dead 652/20480 | fvu 0.1712
Epoch 9 | Step 75800 | mse 0.46761 | aux 0.46761 | L0 32.0 | dead 652/20480 | fvu 0.1686
Epoch 9 | Step 75900 | mse 0.59858 | aux 0.59858 | L0 32.0 | dead 660/20480 | fvu 0.2152
Epoch 9 | Step 76000 | mse 0.51829 | aux 0.51829 | L0 32.0 | dead 659/20480 | fvu 0.1885
Epoch 9 | Step 76100 | mse 0.48943 | aux 0.48943 | L0 32.0 | dead 657/20480 | fvu 0.1788
Epoch 9 | Step 76200 | mse 0.46957 | aux 0.46957 | L0 32.0 | dead 660/20480 | fvu 0.1718
Epoch 9 | Step 76300 | mse 0.59157 | aux 0.59157 | L0 32.0 | dead 663/20480 | fvu 0.2074
Epoch 9 | Step 76400 | mse 0.52152 | aux 0.52152 | L0 32.0 | dead 655/20480 | fvu 0.1868
Epoch 9 | Step 76500 | mse 0.49692 | aux 0.49692 | L0 32.0 | dead 658/20480 | fvu 0.1755
Epoch 9 | Step 76600 | mse 0.47519 | aux 0.47519 | L0 32.0 | dead 653/20480 | fvu 0.1680
Epoch 9 | Step 76700 | mse 0.56424 | aux 0.56424 | L0 32.0 | dead 654/20480 | fvu 0.2016
Epoch 9 | Step 76800 | mse 0.50522 | aux 0.50522 | L0 32.0 | dead 647/20480 | fvu 0.1819
Epoch 9 | Step 76900 | mse 0.47677 | aux 0.47677 | L0 32.0 | dead 644/20480 | fvu 0.1727
Epoch 9 | Step 77000 | mse 0.46533 | aux 0.46533 | L0 32.0 | dead 643/20480 | fvu 0.1663
Epoch 9 | Step 77100 | mse 0.56320 | aux 0.56320 | L0 32.0 | dead 640/20480 | fvu 0.2039
Epoch 9 | Step 77200 | mse 0.49946 | aux 0.49946 | L0 32.0 | dead 643/20480 | fvu 0.1820
Epoch 9 | Step 77300 | mse 0.47800 | aux 0.47800 | L0 32.0 | dead 633/20480 | fvu 0.1693
saved final weights to checkpoints/sae_v1/sae_final.pt
saved output_img/sae_v1_train_curves.png
final weights: checkpoints/sae_v1/sae_final.pt
curves:        output_img/sae_v1_train_curves.png
